Component: ARM Compiler 5.06 update 6 (build 750) Tool: armlink [4d35ed]

==============================================================================

Section Cross References

    main.o(i.main) refers to systick.o(i.SysTick_Init) for SysTick_Init
    main.o(i.main) refers to misc.o(i.NVIC_PriorityGroupConfig) for NVIC_PriorityGroupConfig
    main.o(i.main) refers to usart.o(i.USART1_Init) for USART1_Init
    main.o(i.main) refers to led.o(i.LED_Init) for LED_Init
    main.o(i.main) refers to adc.o(i.TIM3_Config) for TIM3_Config
    main.o(i.main) refers to adc.o(i.ADC_Config) for ADC_Config
    main.o(i.main) refers to tftlcd.o(i.TFTLCD_Init) for TFTLCD_Init
    main.o(i.main) refers to flash.o(i.EN25QXX_Init) for EN25QXX_Init
    main.o(i.main) refers to malloc.o(i.my_mem_init) for my_mem_init
    main.o(i.main) refers to tftlcd.o(i.LCD_ShowString) for LCD_ShowString
    main.o(i.main) refers to printfa.o(i.__0printf) for __2printf
    main.o(i.main) refers to systick.o(i.delay_ms) for delay_ms
    main.o(i.main) refers to sdio_sdcard.o(i.SD_Init) for SD_Init
    main.o(i.main) refers to fatfs_app.o(i.FATFS_Init) for FATFS_Init
    main.o(i.main) refers to ff.o(i.f_mount) for f_mount
    main.o(i.main) refers to ff.o(i.f_mkfs) for f_mkfs
    main.o(i.main) refers to ff.o(i.f_setlabel) for f_setlabel
    main.o(i.main) refers to tftlcd.o(i.LCD_Fill) for LCD_Fill
    main.o(i.main) refers to fatfs_app.o(i.fatfs_getfree) for fatfs_getfree
    main.o(i.main) refers to tftlcd.o(i.LCD_ShowNum) for LCD_ShowNum
    main.o(i.main) refers to uart_cmd_process.o(i.uart_cmd_process) for uart_cmd_process
    main.o(i.main) refers to tftlcd.o(.data) for FRONT_COLOR
    main.o(i.main) refers to fatfs_app.o(.bss) for fs
    startup_stm32f40_41xxx.o(RESET) refers to startup_stm32f40_41xxx.o(STACK) for __initial_sp
    startup_stm32f40_41xxx.o(RESET) refers to startup_stm32f40_41xxx.o(.text) for Reset_Handler
    startup_stm32f40_41xxx.o(RESET) refers to stm32f4xx_it.o(i.NMI_Handler) for NMI_Handler
    startup_stm32f40_41xxx.o(RESET) refers to stm32f4xx_it.o(i.HardFault_Handler) for HardFault_Handler
    startup_stm32f40_41xxx.o(RESET) refers to stm32f4xx_it.o(i.MemManage_Handler) for MemManage_Handler
    startup_stm32f40_41xxx.o(RESET) refers to stm32f4xx_it.o(i.BusFault_Handler) for BusFault_Handler
    startup_stm32f40_41xxx.o(RESET) refers to stm32f4xx_it.o(i.UsageFault_Handler) for UsageFault_Handler
    startup_stm32f40_41xxx.o(RESET) refers to stm32f4xx_it.o(i.SVC_Handler) for SVC_Handler
    startup_stm32f40_41xxx.o(RESET) refers to stm32f4xx_it.o(i.DebugMon_Handler) for DebugMon_Handler
    startup_stm32f40_41xxx.o(RESET) refers to stm32f4xx_it.o(i.PendSV_Handler) for PendSV_Handler
    startup_stm32f40_41xxx.o(RESET) refers to stm32f4xx_it.o(i.SysTick_Handler) for SysTick_Handler
    startup_stm32f40_41xxx.o(RESET) refers to time.o(i.TIM4_IRQHandler) for TIM4_IRQHandler
    startup_stm32f40_41xxx.o(RESET) refers to usart.o(i.USART1_IRQHandler) for USART1_IRQHandler
    startup_stm32f40_41xxx.o(RESET) refers to usart.o(i.USART2_IRQHandler) for USART2_IRQHandler
    startup_stm32f40_41xxx.o(RESET) refers to sdio_sdcard.o(i.SDIO_IRQHandler) for SDIO_IRQHandler
    startup_stm32f40_41xxx.o(RESET) refers to adc.o(i.DMA2_Stream0_IRQHandler) for DMA2_Stream0_IRQHandler
    startup_stm32f40_41xxx.o(RESET) refers to sdio_sdcard.o(i.DMA2_Stream3_IRQHandler) for DMA2_Stream3_IRQHandler
    startup_stm32f40_41xxx.o(.text) refers to system_stm32f4xx.o(i.SystemInit) for SystemInit
    startup_stm32f40_41xxx.o(.text) refers to entry.o(.ARM.Collect$$$$00000000) for __main
    stm32f4xx_gpio.o(i.GPIO_DeInit) refers to stm32f4xx_rcc.o(i.RCC_AHB1PeriphResetCmd) for RCC_AHB1PeriphResetCmd
    stm32f4xx_rcc.o(i.RCC_GetClocksFreq) refers to stm32f4xx_rcc.o(.data) for APBAHBPrescTable
    stm32f4xx_rcc.o(i.RCC_WaitForHSEStartUp) refers to stm32f4xx_rcc.o(i.RCC_GetFlagStatus) for RCC_GetFlagStatus
    stm32f4xx_syscfg.o(i.SYSCFG_DeInit) refers to stm32f4xx_rcc.o(i.RCC_APB2PeriphResetCmd) for RCC_APB2PeriphResetCmd
    stm32f4xx_tim.o(i.TIM_DeInit) refers to stm32f4xx_rcc.o(i.RCC_APB2PeriphResetCmd) for RCC_APB2PeriphResetCmd
    stm32f4xx_tim.o(i.TIM_DeInit) refers to stm32f4xx_rcc.o(i.RCC_APB1PeriphResetCmd) for RCC_APB1PeriphResetCmd
    stm32f4xx_tim.o(i.TIM_ETRClockMode1Config) refers to stm32f4xx_tim.o(i.TIM_ETRConfig) for TIM_ETRConfig
    stm32f4xx_tim.o(i.TIM_ETRClockMode2Config) refers to stm32f4xx_tim.o(i.TIM_ETRConfig) for TIM_ETRConfig
    stm32f4xx_tim.o(i.TIM_ICInit) refers to stm32f4xx_tim.o(i.TI1_Config) for TI1_Config
    stm32f4xx_tim.o(i.TIM_ICInit) refers to stm32f4xx_tim.o(i.TIM_SetIC1Prescaler) for TIM_SetIC1Prescaler
    stm32f4xx_tim.o(i.TIM_ICInit) refers to stm32f4xx_tim.o(i.TI2_Config) for TI2_Config
    stm32f4xx_tim.o(i.TIM_ICInit) refers to stm32f4xx_tim.o(i.TIM_SetIC2Prescaler) for TIM_SetIC2Prescaler
    stm32f4xx_tim.o(i.TIM_ICInit) refers to stm32f4xx_tim.o(i.TI3_Config) for TI3_Config
[...]
    i.mymalloc                               0x080092ac   Section        0  malloc.o(i.mymalloc)
    i.parse_cmd                              0x080092d4   Section        0  parse_cmd.o(i.parse_cmd)
    i.pick_lfn                               0x08009434   Section        0  ff.o(i.pick_lfn)
    pick_lfn                                 0x08009435   Thumb Code   130  ff.o(i.pick_lfn)
    i.put_fat                                0x080094bc   Section        0  ff.o(i.put_fat)
    put_fat                                  0x080094bd   Thumb Code   324  ff.o(i.put_fat)
    i.put_lfn                                0x08009600   Section        0  ff.o(i.put_lfn)
    put_lfn                                  0x08009601   Thumb Code   124  ff.o(i.put_lfn)
    i.remove_chain                           0x08009680   Section        0  ff.o(i.remove_chain)
    remove_chain                             0x08009681   Thumb Code   266  ff.o(i.remove_chain)
    i.st_clust                               0x0800978a   Section        0  ff.o(i.st_clust)
    st_clust                                 0x0800978b   Thumb Code    36  ff.o(i.st_clust)
    i.st_dword                               0x080097ae   Section        0  ff.o(i.st_dword)
    st_dword                                 0x080097af   Thumb Code    24  ff.o(i.st_dword)
    i.st_qword                               0x080097c6   Section        0  ff.o(i.st_qword)
    st_qword                                 0x080097c7   Thumb Code    92  ff.o(i.st_qword)
    i.st_word                                0x08009822   Section        0  ff.o(i.st_word)
    st_word                                  0x08009823   Thumb Code    12  ff.o(i.st_word)
    i.store_xdir                             0x0800982e   Section        0  ff.o(i.store_xdir)
    store_xdir                               0x0800982f   Thumb Code   110  ff.o(i.store_xdir)
    i.sum_sfn                                0x0800989c   Section        0  ff.o(i.sum_sfn)
    sum_sfn                                  0x0800989d   Thumb Code    32  ff.o(i.sum_sfn)
    i.sync_fs                                0x080098bc   Section        0  ff.o(i.sync_fs)
    sync_fs                                  0x080098bd   Thumb Code   134  ff.o(i.sync_fs)
    i.sync_window                            0x0800994c   Section        0  ff.o(i.sync_window)
    sync_window                              0x0800994d   Thumb Code    82  ff.o(i.sync_window)
    i.uart_cmd_process                       0x080099a0   Section        0  uart_cmd_process.o(i.uart_cmd_process)
    i.uart_send_response                     0x08009a90   Section        0  uart_cmd_process.o(i.uart_send_response)
    i.validate                               0x08009af8   Section        0  ff.o(i.validate)
    validate                                 0x08009af9   Thumb Code    66  ff.o(i.validate)
    i.xdir_sum                               0x08009b3a   Section        0  ff.o(i.xdir_sum)
    xdir_sum                                 0x08009b3b   Thumb Code    58  ff.o(i.xdir_sum)
    i.xname_sum                              0x08009b74   Section        0  ff.o(i.xname_sum)
    xname_sum                                0x08009b75   Thumb Code    76  ff.o(i.xname_sum)
    .constdata                               0x08009bc0   Section    18712  tftlcd.o(.constdata)
    .constdata                               0x0800e4d8   Section       74  ff.o(.constdata)
    LfnOfs                                   0x0800e4d8   Data          13  ff.o(.constdata)
    badchr                                   0x0800e4e5   Data          16  ff.o(.constdata)
    vst                                      0x0800e4f6   Data          22  ff.o(.constdata)
    cst                                      0x0800e50c   Data          22  ff.o(.constdata)
    .constdata                               0x0800e522   Section    175030  cc936.o(.constdata)
    uni2oem                                  0x0800e522   Data       87172  cc936.o(.constdata)
    oem2uni                                  0x080239a6   Data       87172  cc936.o(.constdata)
    cvt1                                     0x08038e2a   Data         498  cc936.o(.constdata)
    cvt2                                     0x0803901c   Data         188  cc936.o(.constdata)
    .constdata                               0x080390d8   Section       36  malloc.o(.constdata)
    .ARM.__AT_0x10000000                     0x10000000   Section    61440  malloc.o(.ARM.__AT_0x10000000)
    .ARM.__AT_0x1000F000                     0x1000f000   Section     3840  malloc.o(.ARM.__AT_0x1000F000)
    .data                                    0x20000000   Section       16  stm32f4xx_rcc.o(.data)
    APBAHBPrescTable                         0x20000000   Data          16  stm32f4xx_rcc.o(.data)
    .data                                    0x20000010   Section       20  system_stm32f4xx.o(.data)
    .data                                    0x20000024   Section        4  systick.o(.data)
    fac_us                                   0x20000024   Data           1  systick.o(.data)
    fac_ms                                   0x20000026   Data           2  systick.o(.data)
    .data                                    0x20000028   Section        4  usart.o(.data)
    .data                                    0x2000002c   Section        1  time.o(.data)
    .data                                    0x20000030   Section    32791  adc.o(.data)
    .data                                    0x20008048   Section       12  wav.o(.data)
    .data                                    0x20008054   Section       20  sdio_sdcard.o(.data)
    CardType                                 0x20008054   Data           1  sdio_sdcard.o(.data)
    RCA                                      0x20008058   Data           4  sdio_sdcard.o(.data)
    DeviceMode                               0x2000805c   Data           1  sdio_sdcard.o(.data)
    StopCondition                            0x2000805d   Data           1  sdio_sdcard.o(.data)
    .data                                    0x20008068   Section       12  tftlcd.o(.data)
    .data                                    0x20008074   Section        2  flash.o(.data)
    .data                                    0x20008078   Section       20  fatfs_app.o(.data)
    .data                                    0x2000808c   Section        2  ff.o(.data)
    Fsid                                     0x2000808c   Data           2  ff.o(.data)
    .data                                    0x2000808e   Section        2  diskio.o(.data)
    .data                                    0x20008090   Section       36  malloc.o(.data)
    .data                                    0x200080b4   Section        4  strtok.o(.data)
    state                                    0x200080b4   Data           4  strtok.o(.data)
    .data                                    0x200080b8   Section        4  stdout.o(.data)
    .bss                                     0x200080bc   Section      400  usart.o(.bss)
    .bss                                     0x2000824c   Section       12  uart_cmd_process.o(.bss)
    .bss                                     0x20008258   Section      704  sdio_sdcard.o(.bss)
    CSD_Tab                                  0x2000829c   Data          16  sdio_sdcard.o(.bss)
    CID_Tab                                  0x200082ac   Data          16  sdio_sdcard.o(.bss)
    .bss                                     0x20008518   Section     4096  flash.o(.bss)
    .bss                                     0x20009518   Section      376  fatfs_app.o(.bss)
    .bss                                     0x20009690   Section       16  ff.o(.bss)
    FatFs                                    0x20009690   Data          16  ff.o(.bss)
    .bss                                     0x200096a0   Section    65280  malloc.o(.bss)
    STACK                                    0x200195a0   Section     1024  startup_stm32f40_41xxx.o(STACK)
    .ARM.__AT_0x68000000                     0x68000000   Section    983040  malloc.o(.ARM.__AT_0x68000000)
    .ARM.__AT_0x680F0000                     0x680f0000   Section    61440  malloc.o(.ARM.__AT_0x680F0000)

    Global Symbols

    Symbol Name                              Value     Ov Type        Size  Object(Section)

    BuildAttributes$$THM_ISAv4$E$P$D$K$B$S$7EM$VFPi3$EXTD16$VFPS$VFMA$PE$A:L22UL41UL21$X:L11$S22US41US21$IEEE1$IW$USESV6$~STKCKD$USESV7$~SHL$OSPACE$ROPI$EBA8$MICROLIB$REQ8$PRES8$EABIv2 0x00000000   Number         0  anon$$obj.o ABSOLUTE
    __ARM_use_no_argv                        0x00000000   Number         0  main.o ABSOLUTE
    _printf_a                                0x00000000   Number         0  stubs.o ABSOLUTE
    _printf_c                                0x00000000   Number         0  stubs.o ABSOLUTE
    _printf_charcount                        0x00000000   Number         0  stubs.o ABSOLUTE
    _printf_d                                0x00000000   Number         0  stubs.o ABSOLUTE
    _printf_e                                0x00000000   Number         0  stubs.o ABSOLUTE
    _printf_f                                0x00000000   Number         0  stubs.o ABSOLUTE
    _printf_flags                            0x00000000   Number         0  stubs.o ABSOLUTE
    _printf_fp_dec                           0x00000000   Number         0  stubs.o ABSOLUTE
    _printf_fp_hex                           0x00000000   Number         0  stubs.o ABSOLUTE
    _printf_g                                0x00000000   Number         0  stubs.o ABSOLUTE
    _printf_i                                0x00000000   Number         0  stubs.o ABSOLUTE
    _printf_int_dec                          0x00000000   Number         0  stubs.o ABSOLUTE
    _printf_l                                0x00000000   Number         0  stubs.o ABSOLUTE
    _printf_lc                               0x00000000   Number         0  stubs.o ABSOLUTE
    _printf_ll                               0x00000000   Number         0  stubs.o ABSOLUTE
    _printf_lld                              0x00000000   Number         0  stubs.o ABSOLUTE
    _printf_lli                              0x00000000   Number         0  stubs.o ABSOLUTE
    _printf_llo                              0x00000000   Number         0  stubs.o ABSOLUTE
    _printf_llu                              0x00000000   Number         0  stubs.o ABSOLUTE
    _printf_llx                              0x00000000   Number         0  stubs.o ABSOLUTE
    _printf_longlong_dec                     0x00000000   Number         0  stubs.o ABSOLUTE
    _printf_longlong_hex                     0x00000000   Number         0  stubs.o ABSOLUTE
    _printf_longlong_oct                     0x00000000   Number         0  stubs.o ABSOLUTE
    _printf_ls                               0x00000000   Number         0  stubs.o ABSOLUTE
    _printf_mbtowc                           0x00000000   Number         0  stubs.o ABSOLUTE
    _printf_n                                0x00000000   Number         0  stubs.o ABSOLUTE
    _printf_o                                0x00000000   Number         0  stubs.o ABSOLUTE
    _printf_p                                0x00000000   Number         0  stubs.o ABSOLUTE
    _printf_percent                          0x00000000   Number         0  stubs.o ABSOLUTE
    _printf_pre_padding                      0x00000000   Number         0  stubs.o ABSOLUTE
    _printf_return_value                     0x00000000   Number         0  stubs.o ABSOLUTE
    _printf_s                                0x00000000   Number         0  stubs.o ABSOLUTE
    _printf_sizespec                         0x00000000   Number         0  stubs.o ABSOLUTE
    _printf_str                              0x00000000   Number         0  stubs.o ABSOLUTE
    _printf_truncate_signed                  0x00000000   Number         0  stubs.o ABSOLUTE
    _printf_truncate_unsigned                0x00000000   Number         0  stubs.o ABSOLUTE
    _printf_u                                0x00000000   Number         0  stubs.o ABSOLUTE
    _printf_wc                               0x00000000   Number         0  stubs.o ABSOLUTE
    _printf_wctomb                           0x00000000   Number         0  stubs.o ABSOLUTE
    _printf_widthprec                        0x00000000   Number         0  stubs.o ABSOLUTE
    _printf_x                                0x00000000   Number         0  stubs.o ABSOLUTE
    __cpp_initialize__aeabi_                  - Undefined Weak Reference
    __cxa_finalize                            - Undefined Weak Reference
    _clock_init                               - Undefined Weak Reference
    _microlib_exit                            - Undefined Weak Reference
    __Vectors_Size                           0x00000188   Number         0  startup_stm32f40_41xxx.o ABSOLUTE
    __Vectors                                0x08000000   Data           4  startup_stm32f40_41xxx.o(RESET)
    __Vectors_End                            0x08000188   Data           0  startup_stm32f40_41xxx.o(RESET)
    __main                                   0x08000189   Thumb Code     0  entry.o(.ARM.Collect$$$$00000000)
    _main_stk                                0x08000189   Thumb Code     0  entry2.o(.ARM.Collect$$$$00000001)
    _main_scatterload                        0x0800018d   Thumb Code     0  entry5.o(.ARM.Collect$$$$00000004)
    __main_after_scatterload                 0x08000191   Thumb Code     0  entry5.o(.ARM.Collect$$$$00000004)
    _main_clock                              0x08000191   Thumb Code     0  entry7b.o(.ARM.Collect$$$$00000008)
    _main_cpp_init                           0x08000191   Thumb Code     0  entry8b.o(.ARM.Collect$$$$0000000A)
    _main_init                               0x08000191   Thumb Code     0  entry9a.o(.ARM.Collect$$$$0000000B)
    __rt_final_cpp                           0x08000199   Thumb Code     0  entry10a.o(.ARM.Collect$$$$0000000D)
    __rt_final_exit                          0x08000199   Thumb Code     0  entry11a.o(.ARM.Collect$$$$0000000F)
    Reset_Handler                            0x0800019d   Thumb Code     8  startup_stm32f40_41xxx.o(.text)
    ADC_IRQHandler                           0x080001b7   Thumb Code     0  startup_stm32f40_41xxx.o(.text)
    CAN1_RX0_IRQHandler                      0x080001b7   Thumb Code     0  startup_stm32f40_41xxx.o(.text)
    CAN1_RX1_IRQHandler                      0x080001b7   Thumb Code     0  startup_stm32f40_41xxx.o(.text)
    CAN1_SCE_IRQHandler                      0x080001b7   Thumb Code     0  startup_stm32f40_41xxx.o(.text)
    CAN1_TX_IRQHandler                       0x080001b7   Thumb Code     0  startup_stm32f40_41xxx.o(.text)
    CAN2_RX0_IRQHandler                      0x080001b7   Thumb Code     0  startup_stm32f40_41xxx.o(.text)
    CAN2_RX1_IRQHandler                      0x080001b7   Thumb Code     0  startup_stm32f40_41xxx.o(.text)
    CAN2_SCE_IRQHandler                      0x080001b7   Thumb Code     0  startup_stm32f40_41xxx.o(.text)
    CAN2_TX_IRQHandler                       0x080001b7   Thumb Code     0  startup_stm32f40_41xxx.o(.text)
    CRYP_IRQHandler                          0x080001b7   Thumb Code     0  startup_stm32f40_41xxx.o(.text)
    DCMI_IRQHandler                          0x080001b7   Thumb Code     0  startup_stm32f40_41xxx.o(.text)
    DMA1_Stream0_IRQHandler                  0x080001b7   Thumb Code     0  startup_stm32f40_41xxx.o(.text)
    DMA1_Stream1_IRQHandler                  0x080001b7   Thumb Code     0  startup_stm32f40_41xxx.o(.text)
    DMA1_Stream2_IRQHandler                  0x080001b7   Thumb Code     0  startup_stm32f40_41xxx.o(.text)
    DMA1_Stream3_IRQHandler                  0x080001b7   Thumb Code     0  startup_stm32f40_41xxx.o(.text)
    DMA1_Stream4_IRQHandler                  0x080001b7   Thumb Code     0  startup_stm32f40_41xxx.o(.text)
    DMA1_Stream5_IRQHandler                  0x080001b7   Thumb Code     0  startup_stm32f40_41xxx.o(.text)
    DMA1_Stream6_IRQHandler                  0x080001b7   Thumb Code     0  startup_stm32f40_41xxx.o(.text)
    DMA1_Stream7_IRQHandler                  0x080001b7   Thumb Code     0  startup_stm32f40_41xxx.o(.text)
    DMA2_Stream1_IRQHandler                  0x080001b7   Thumb Code     0  startup_stm32f40_41xxx.o(.text)
    DMA2_Stream2_IRQHandler                  0x080001b7   Thumb Code     0  startup_stm32f40_41xxx.o(.text)
    DMA2_Stream4_IRQHandler                  0x080001b7   Thumb Code     0  startup_stm32f40_41xxx.o(.text)
    DMA2_Stream5_IRQHandler                  0x080001b7   Thumb Code     0  startup_stm32f40_41xxx.o(.text)
    DMA2_Stream6_IRQHandler                  0x080001b7   Thumb Code     0  startup_stm32f40_41xxx.o(.text)
    DMA2_Stream7_IRQHandler                  0x080001b7   Thumb Code     0  startup_stm32f40_41xxx.o(.text)
    ETH_IRQHandler                           0x080001b7   Thumb Code     0  startup_stm32f40_41xxx.o(.text)
    ETH_WKUP_IRQHandler                      0x080001b7   Thumb Code     0  startup_stm32f40_41xxx.o(.text)
    EXTI0_IRQHandler                         0x080001b7   Thumb Code     0  startup_stm32f40_41xxx.o(.text)
    EXTI15_10_IRQHandler                     0x080001b7   Thumb Code     0  startup_stm32f40_41xxx.o(.text)
    EXTI1_IRQHandler                         0x080001b7   Thumb Code     0  startup_stm32f40_41xxx.o(.text)
    EXTI2_IRQHandler                         0x080001b7   Thumb Code     0  startup_stm32f40_41xxx.o(.text)
    EXTI3_IRQHandler                         0x080001b7   Thumb Code     0  startup_stm32f40_41xxx.o(.text)
    EXTI4_IRQHandler                         0x080001b7   Thumb Code     0  startup_stm32f40_41xxx.o(.text)
    EXTI9_5_IRQHandler                       0x080001b7   Thumb Code     0  startup_stm32f40_41xxx.o(.text)
    FLASH_IRQHandler                         0x080001b7   Thumb Code     0  startup_stm32f40_41xxx.o(.text)
    FPU_IRQHandler                           0x080001b7   Thumb Code     0  startup_stm32f40_41xxx.o(.text)
    FSMC_IRQHandler                          0x080001b7   Thumb Code     0  startup_stm32f40_41xxx.o(.text)
    HASH_RNG_IRQHandler                      0x080001b7   Thumb Code     0  startup_stm32f40_41xxx.o(.text)
    I2C1_ER_IRQHandler                       0x080001b7   Thumb Code     0  startup_stm32f40_41xxx.o(.text)
    I2C1_EV_IRQHandler                       0x080001b7   Thumb Code     0  startup_stm32f40_41xxx.o(.text)
    I2C2_ER_IRQHandler                       0x080001b7   Thumb Code     0  startup_stm32f40_41xxx.o(.text)
    I2C2_EV_IRQHandler                       0x080001b7   Thumb Code     0  startup_stm32f40_41xxx.o(.text)
    I2C3_ER_IRQHandler                       0x080001b7   Thumb Code     0  startup_stm32f40_41xxx.o(.text)
    I2C3_EV_IRQHandler                       0x080001b7   Thumb Code     0  startup_stm32f40_41xxx.o(.text)
    OTG_FS_IRQHandler                        0x080001b7   Thumb Code     0  startup_stm32f40_41xxx.o(.text)
    OTG_FS_WKUP_IRQHandler                   0x080001b7   Thumb Code     0  startup_stm32f40_41xxx.o(.text)
    OTG_HS_EP1_IN_IRQHandler                 0x080001b7   Thumb Code     0  startup_stm32f40_41xxx.o(.text)
    OTG_HS_EP1_OUT_IRQHandler                0x080001b7   Thumb Code     0  startup_stm32f40_41xxx.o(.text)
    OTG_HS_IRQHandler                        0x080001b7   Thumb Code     0  startup_stm32f40_41xxx.o(.text)
    OTG_HS_WKUP_IRQHandler                   0x080001b7   Thumb Code     0  startup_stm32f40_41xxx.o(.text)
    PVD_IRQHandler                           0x080001b7   Thumb Code     0  startup_stm32f40_41xxx.o(.text)
    RCC_IRQHandler                           0x080001b7   Thumb Code     0  startup_stm32f40_41xxx.o(.text)
    RTC_Alarm_IRQHandler                     0x080001b7   Thumb Code     0  startup_stm32f40_41xxx.o(.text)
    RTC_WKUP_IRQHandler                      0x080001b7   Thumb Code     0  startup_stm32f40_41xxx.o(.text)
    SPI1_IRQHandler                          0x080001b7   Thumb Code     0  startup_stm32f40_41xxx.o(.text)
    SPI2_IRQHandler                          0x080001b7   Thumb Code     0  startup_stm32f40_41xxx.o(.text)
    SPI3_IRQHandler                          0x080001b7   Thumb Code     0  startup_stm32f40_41xxx.o(.text)
    TAMP_STAMP_IRQHandler                    0x080001b7   Thumb Code     0  startup_stm32f40_41xxx.o(.text)
    TIM1_BRK_TIM9_IRQHandler                 0x080001b7   Thumb Code     0  startup_stm32f40_41xxx.o(.text)
    TIM1_CC_IRQHandler                       0x080001b7   Thumb Code     0  startup_stm32f40_41xxx.o(.text)
    TIM1_TRG_COM_TIM11_IRQHandler            0x080001b7   Thumb Code     0  startup_stm32f40_41xxx.o(.text)
    TIM1_UP_TIM10_IRQHandler                 0x080001b7   Thumb Code     0  startup_stm32f40_41xxx.o(.text)
    TIM2_IRQHandler                          0x080001b7   Thumb Code     0  startup_stm32f40_41xxx.o(.text)
    TIM3_IRQHandler                          0x080001b7   Thumb Code     0  startup_stm32f40_41xxx.o(.text)
    TIM5_IRQHandler                          0x080001b7   Thumb Code     0  startup_stm32f40_41xxx.o(.text)
    TIM6_DAC_IRQHandler                      0x080001b7   Thumb Code     0  startup_stm32f40_41xxx.o(.text)
    TIM7_IRQHandler                          0x080001b7   Thumb Code     0  startup_stm32f40_41xxx.o(.text)
    TIM8_BRK_TIM12_IRQHandler                0x080001b7   Thumb Code     0  startup_stm32f40_41xxx.o(.text)
    TIM8_CC_IRQHandler                       0x080001b7   Thumb Code     0  startup_stm32f40_41xxx.o(.text)
    TIM8_TRG_COM_TIM14_IRQHandler            0x080001b7   Thumb Code     0  startup_stm32f40_41xxx.o(.text)
    TIM8_UP_TIM13_IRQHandler                 0x080001b7   Thumb Code     0  startup_stm32f40_41xxx.o(.text)
    UART4_IRQHandler                         0x080001b7   Thumb Code     0  startup_stm32f40_41xxx.o(.text)
    UART5_IRQHandler                         0x080001b7   Thumb Code     0  startup_stm32f40_41xxx.o(.text)
    USART3_IRQHandler                        0x080001b7   Thumb Code     0  startup_stm32f40_41xxx.o(.text)
    USART6_IRQHandler                        0x080001b7   Thumb Code     0  startup_stm32f40_41xxx.o(.text)
    WWDG_IRQHandler                          0x080001b7   Thumb Code     0  startup_stm32f40_41xxx.o(.text)
    __aeabi_uldivmod                         0x080001c1   Thumb Code    98  uldiv.o(.text)
    __aeabi_ldivmod                          0x08000223   Thumb Code    98  ldiv.o(.text)
    __aeabi_memcpy                           0x08000285   Thumb Code    36  memcpya.o(.text)
    __aeabi_memcpy4                          0x08000285   Thumb Code     0  memcpya.o(.text)
    __aeabi_memcpy8                          0x08000285   Thumb Code     0  memcpya.o(.text)
    __aeabi_memset                           0x080002a9   Thumb Code    14  memseta.o(.text)
    __aeabi_memset4                          0x080002a9   Thumb Code     0  memseta.o(.text)
    __aeabi_memset8                          0x080002a9   Thumb Code     0  memseta.o(.text)
    __aeabi_memclr                           0x080002b7   Thumb Code     4  memseta.o(.text)
    __aeabi_memclr4                          0x080002b7   Thumb Code     0  memseta.o(.text)
    __aeabi_memclr8                          0x080002b7   Thumb Code     0  memseta.o(.text)
    _memset$wrapper                          0x080002bb   Thumb Code    18  memseta.o(.text)
    strstr                                   0x080002cd   Thumb Code    36  strstr.o(.text)
    strncpy                                  0x080002f1   Thumb Code    24  strncpy.o(.text)
    strlen                                   0x08000309   Thumb Code    14  strlen.o(.text)
    strcmp                                   0x08000317   Thumb Code    28  strcmp.o(.text)
    strtok                                   0x08000335   Thumb Code    62  strtok.o(.text)
    __aeabi_dmul                             0x08000379   Thumb Code   228  dmul.o(.text)
    __aeabi_f2d                              0x0800045d   Thumb Code    38  f2d.o(.text)
    __aeabi_uidiv                            0x08000483   Thumb Code     0  uidiv.o(.text)
    __aeabi_uidivmod                         0x08000483   Thumb Code    44  uidiv.o(.text)
    __aeabi_llsl                             0x080004af   Thumb Code    30  llshl.o(.text)
    _ll_shift_l                              0x080004af   Thumb Code     0  llshl.o(.text)
    __aeabi_llsr                             0x080004cd   Thumb Code    32  llushr.o(.text)
    _ll_ushift_r                             0x080004cd   Thumb Code     0  llushr.o(.text)
    __I$use$fp                               0x080004ed   Thumb Code     0  iusefp.o(.text)
    _double_round                            0x080004ed   Thumb Code    30  depilogue.o(.text)
    _double_epilogue                         0x0800050b   Thumb Code   156  depilogue.o(.text)
    __aeabi_dadd                             0x080005a7   Thumb Code   322  dadd.o(.text)
    __aeabi_dsub                             0x080006e9   Thumb Code     6  dadd.o(.text)
    __aeabi_drsub                            0x080006ef   Thumb Code     6  dadd.o(.text)
    __aeabi_ddiv                             0x080006f5   Thumb Code   222  ddiv.o(.text)
    __aeabi_d2ulz                            0x080007d3   Thumb Code    48  dfixul.o(.text)
    __aeabi_cdrcmple                         0x08000805   Thumb Code    48  cdrcmple.o(.text)
    __scatterload                            0x08000835   Thumb Code    28  init.o(.text)
    __scatterload_rt2                        0x08000835   Thumb Code     0  init.o(.text)
    __aeabi_lasr                             0x08000859   Thumb Code    36  llsshr.o(.text)
    _ll_sshift_r                             0x08000859   Thumb Code     0  llsshr.o(.text)
    __decompress                             0x0800087d   Thumb Code     0  __dczerorl2.o(.text)
    __decompress1                            0x0800087d   Thumb Code    86  __dczerorl2.o(.text)
    ADC_Cmd                                  0x080008d3   Thumb Code    22  stm32f4xx_adc.o(i.ADC_Cmd)
    ADC_CommonInit                           0x080008e9   Thumb Code    34  stm32f4xx_adc.o(i.ADC_CommonInit)
    ADC_Config                               0x08000919   Thumb Code   316  adc.o(i.ADC_Config)
    ADC_DMACmd                               0x08000a6d   Thumb Code    22  stm32f4xx_adc.o(i.ADC_DMACmd)
    ADC_DMARequestAfterLastTransferCmd       0x08000a83   Thumb Code    22  stm32f4xx_adc.o(i.ADC_DMARequestAfterLastTransferCmd)
    ADC_DMA_Trig                             0x08000a99   Thumb Code    48  adc.o(i.ADC_DMA_Trig)
    ADC_DeInit                               0x08000ad5   Thumb Code    22  stm32f4xx_adc.o(i.ADC_DeInit)
    ADC_Init                                 0x08000aed   Thumb Code    74  stm32f4xx_adc.o(i.ADC_Init)
    ADC_RegularChannelConfig                 0x08000b41   Thumb Code   184  stm32f4xx_adc.o(i.ADC_RegularChannelConfig)
    BusFault_Handler                         0x08000bf9   Thumb Code     4  stm32f4xx_it.o(i.BusFault_Handler)
    CmdError                                 0x08000bfd   Thumb Code    48  sdio_sdcard.o(i.CmdError)
    CmdResp1Error                            0x08000c2d   Thumb Code    94  sdio_sdcard.o(i.CmdResp1Error)
    CmdResp2Error                            0x08000c91   Thumb Code    80  sdio_sdcard.o(i.CmdResp2Error)
    CmdResp3Error                            0x08000ce5   Thumb Code    50  sdio_sdcard.o(i.CmdResp3Error)
    CmdResp6Error                            0x08000d1d   Thumb Code   144  sdio_sdcard.o(i.CmdResp6Error)
    CmdResp7Error                            0x08000db1   Thumb Code    70  sdio_sdcard.o(i.CmdResp7Error)
    DMA2_Stream0_IRQHandler                  0x08000dfd   Thumb Code    58  adc.o(i.DMA2_Stream0_IRQHandler)
    DMA2_Stream3_IRQHandler                  0x08000e4d   Thumb Code     8  sdio_sdcard.o(i.DMA2_Stream3_IRQHandler)
    DMA_ClearFlag                            0x08000e55   Thumb Code    38  stm32f4xx_dma.o(i.DMA_ClearFlag)
    DMA_ClearITPendingBit                    0x08000e89   Thumb Code    38  stm32f4xx_dma.o(i.DMA_ClearITPendingBit)
    DMA_Cmd                                  0x08000ebd   Thumb Code    22  stm32f4xx_dma.o(i.DMA_Cmd)
    DMA_DeInit                               0x08000ed5   Thumb Code   324  stm32f4xx_dma.o(i.DMA_DeInit)
    DMA_DoubleBufferModeCmd                  0x0800102d   Thumb Code    22  stm32f4xx_dma.o(i.DMA_DoubleBufferModeCmd)
    DMA_DoubleBufferModeConfig               0x08001043   Thumb Code    24  stm32f4xx_dma.o(i.DMA_DoubleBufferModeConfig)
    DMA_FlowControllerConfig                 0x0800105b   Thumb Code    22  stm32f4xx_dma.o(i.DMA_FlowControllerConfig)
    DMA_GetCmdStatus                         0x08001071   Thumb Code    20  stm32f4xx_dma.o(i.DMA_GetCmdStatus)
    DMA_GetCurrentMemoryTarget               0x08001085   Thumb Code    20  stm32f4xx_dma.o(i.DMA_GetCurrentMemoryTarget)
    DMA_GetFlagStatus                        0x08001099   Thumb Code    54  stm32f4xx_dma.o(i.DMA_GetFlagStatus)
    DMA_GetITStatus                          0x080010dd   Thumb Code    82  stm32f4xx_dma.o(i.DMA_GetITStatus)
    DMA_ITConfig                             0x08001141   Thumb Code    58  stm32f4xx_dma.o(i.DMA_ITConfig)
    DMA_Init                                 0x0800117d   Thumb Code    82  stm32f4xx_dma.o(i.DMA_Init)
    DebugMon_Handler                         0x080011d5   Thumb Code     2  stm32f4xx_it.o(i.DebugMon_Handler)
    EN25QXX_Erase_Sector                     0x080011d9   Thumb Code    70  flash.o(i.EN25QXX_Erase_Sector)
    EN25QXX_Init                             0x08001231   Thumb Code   112  flash.o(i.EN25QXX_Init)
    EN25QXX_Read                             0x080012c5   Thumb Code    74  flash.o(i.EN25QXX_Read)
    EN25QXX_ReadID                           0x08001315   Thumb Code    64  flash.o(i.EN25QXX_ReadID)
    EN25QXX_ReadSR                           0x0800135d   Thumb Code    36  flash.o(i.EN25QXX_ReadSR)
    EN25QXX_Wait_Busy                        0x08001389   Thumb Code    18  flash.o(i.EN25QXX_Wait_Busy)
    EN25QXX_Write                            0x0800139d   Thumb Code   180  flash.o(i.EN25QXX_Write)
    EN25QXX_Write_Enable                     0x08001455   Thumb Code    24  flash.o(i.EN25QXX_Write_Enable)
    EN25QXX_Write_NoCheck                    0x08001475   Thumb Code    70  flash.o(i.EN25QXX_Write_NoCheck)
    EN25QXX_Write_Page                       0x080014bd   Thumb Code    80  flash.o(i.EN25QXX_Write_Page)
    FATFS_Init                               0x08001511   Thumb Code   114  fatfs_app.o(i.FATFS_Init)
    FSMC_NORSRAMCmd                          0x08001595   Thumb Code    46  stm32f4xx_fsmc.o(i.FSMC_NORSRAMCmd)
    FSMC_NORSRAMInit                         0x080015c9   Thumb Code   290  stm32f4xx_fsmc.o(i.FSMC_NORSRAMInit)
    FindSCR                                  0x080016f1   Thumb Code   388  sdio_sdcard.o(i.FindSCR)
    GPIO_Init                                0x08001885   Thumb Code   144  stm32f4xx_gpio.o(i.GPIO_Init)
    GPIO_PinAFConfig                         0x08001915   Thumb Code    70  stm32f4xx_gpio.o(i.GPIO_PinAFConfig)
    GPIO_SetBits                             0x0800195b   Thumb Code     4  stm32f4xx_gpio.o(i.GPIO_SetBits)
    HardFault_Handler                        0x0800195f   Thumb Code     4  stm32f4xx_it.o(i.HardFault_Handler)
    IsCardProgramming                        0x08001965   Thumb Code   146  sdio_sdcard.o(i.IsCardProgramming)
    LCD_Clear                                0x08001a05   Thumb Code    68  tftlcd.o(i.LCD_Clear)
    LCD_Display_Dir                          0x08001a4d   Thumb Code    58  tftlcd.o(i.LCD_Display_Dir)
    LCD_DrawFRONT_COLOR                      0x08001a8d   Thumb Code    28  tftlcd.o(i.LCD_DrawFRONT_COLOR)
    LCD_Fill                                 0x08001aa9   Thumb Code    92  tftlcd.o(i.LCD_Fill)
    LCD_Pow                                  0x08001b05   Thumb Code    22  tftlcd.o(i.LCD_Pow)
    LCD_Set_Window                           0x08001b1b   Thumb Code   166  tftlcd.o(i.LCD_Set_Window)
    LCD_ShowChar                             0x08001bc1   Thumb Code   272  tftlcd.o(i.LCD_ShowChar)
    LCD_ShowNum                              0x08001ce9   Thumb Code   148  tftlcd.o(i.LCD_ShowNum)
    LCD_ShowString                           0x08001d7d   Thumb Code   102  tftlcd.o(i.LCD_ShowString)
    LCD_WriteCmd                             0x08001de5   Thumb Code     6  tftlcd.o(i.LCD_WriteCmd)
    LCD_WriteCmdData                         0x08001df1   Thumb Code    20  tftlcd.o(i.LCD_WriteCmdData)
    LCD_WriteData                            0x08001e05   Thumb Code     6  tftlcd.o(i.LCD_WriteData)
    LCD_WriteData_Color                      0x08001e11   Thumb Code     6  tftlcd.o(i.LCD_WriteData_Color)
    LED_Init                                 0x08001e1d   Thumb Code    82  led.o(i.LED_Init)
    MemManage_Handler                        0x08001e75   Thumb Code     4  stm32f4xx_it.o(i.MemManage_Handler)
    NMI_Handler                              0x08001e79   Thumb Code     2  stm32f4xx_it.o(i.NMI_Handler)
    NVIC_Init                                0x08001e7d   Thumb Code   106  misc.o(i.NVIC_Init)
    NVIC_PriorityGroupConfig                 0x08001ef5   Thumb Code    10  misc.o(i.NVIC_PriorityGroupConfig)
    PendSV_Handler                           0x08001f09   Thumb Code     2  stm32f4xx_it.o(i.PendSV_Handler)
    RCC_AHB1PeriphClockCmd                   0x08001f0d   Thumb Code    26  stm32f4xx_rcc.o(i.RCC_AHB1PeriphClockCmd)
    RCC_AHB3PeriphClockCmd                   0x08001f2d   Thumb Code    26  stm32f4xx_rcc.o(i.RCC_AHB3PeriphClockCmd)
    RCC_APB1PeriphClockCmd                   0x08001f4d   Thumb Code    26  stm32f4xx_rcc.o(i.RCC_APB1PeriphClockCmd)
    RCC_APB2PeriphClockCmd                   0x08001f6d   Thumb Code    26  stm32f4xx_rcc.o(i.RCC_APB2PeriphClockCmd)
    RCC_APB2PeriphResetCmd                   0x08001f8d   Thumb Code    26  stm32f4xx_rcc.o(i.RCC_APB2PeriphResetCmd)
    RCC_GetClocksFreq                        0x08001fad   Thumb Code   214  stm32f4xx_rcc.o(i.RCC_GetClocksFreq)
    SDEnWideBus                              0x08002095   Thumb Code   158  sdio_sdcard.o(i.SDEnWideBus)
    SDIO_ClearFlag                           0x08002141   Thumb Code     6  stm32f4xx_sdio.o(i.SDIO_ClearFlag)
    SDIO_Clock_Set                           0x0800214d   Thumb Code    16  sdio_sdcard.o(i.SDIO_Clock_Set)
    SDIO_DataConfig                          0x08002161   Thumb Code    46  stm32f4xx_sdio.o(i.SDIO_DataConfig)
    SDIO_GetFlagStatus                       0x08002195   Thumb Code    20  stm32f4xx_sdio.o(i.SDIO_GetFlagStatus)
    SDIO_GetPowerState                       0x080021ad   Thumb Code    10  stm32f4xx_sdio.o(i.SDIO_GetPowerState)
    SDIO_IRQHandler                          0x080021bd   Thumb Code     8  sdio_sdcard.o(i.SDIO_IRQHandler)
    SDIO_Init                                0x080021c5   Thumb Code    42  stm32f4xx_sdio.o(i.SDIO_Init)
    SDIO_Register_Deinit                     0x080021f5   Thumb Code    48  sdio_sdcard.o(i.SDIO_Register_Deinit)
    SDIO_SendCommand                         0x0800222d   Thumb Code    40  stm32f4xx_sdio.o(i.SDIO_SendCommand)
    SDIO_SetPowerState                       0x08002259   Thumb Code     6  stm32f4xx_sdio.o(i.SDIO_SetPowerState)
    SD_DMA_Config                            0x08002265   Thumb Code   146  sdio_sdcard.o(i.SD_DMA_Config)
    SD_EnableWideBusOperation                0x08002301   Thumb Code    94  sdio_sdcard.o(i.SD_EnableWideBusOperation)
    SD_GetCardInfo                           0x08002369   Thumb Code   772  sdio_sdcard.o(i.SD_GetCardInfo)
    SD_Init                                  0x0800267d   Thumb Code   302  sdio_sdcard.o(i.SD_Init)
    SD_InitializeCards                       0x080027c1   Thumb Code   330  sdio_sdcard.o(i.SD_InitializeCards)
    SD_PowerON                               0x08002925   Thumb Code   460  sdio_sdcard.o(i.SD_PowerON)
    SD_ProcessDMAIRQ                         0x08002b09   Thumb Code    36  sdio_sdcard.o(i.SD_ProcessDMAIRQ)
    SD_ProcessIRQSrc                         0x08002b39   Thumb Code   318  sdio_sdcard.o(i.SD_ProcessIRQSrc)
    SD_ReadBlock                             0x08002c8d   Thumb Code   614  sdio_sdcard.o(i.SD_ReadBlock)
    SD_ReadDisk                              0x08002f21   Thumb Code   148  sdio_sdcard.o(i.SD_ReadDisk)
    SD_ReadMultiBlocks                       0x08002fb9   Thumb Code   818  sdio_sdcard.o(i.SD_ReadMultiBlocks)
    SD_SelectDeselect                        0x0800331d   Thumb Code    42  sdio_sdcard.o(i.SD_SelectDeselect)
    SD_SetDeviceMode                         0x0800334d   Thumb Code    20  sdio_sdcard.o(i.SD_SetDeviceMode)
    SD_StopTransfer                          0x08003365   Thumb Code    46  sdio_sdcard.o(i.SD_StopTransfer)
    SD_WriteBlock                            0x08003399   Thumb Code   914  sdio_sdcard.o(i.SD_WriteBlock)
    SD_WriteDisk                             0x08003759   Thumb Code   148  sdio_sdcard.o(i.SD_WriteDisk)
    SD_WriteMultiBlocks                      0x080037f1   Thumb Code   972  sdio_sdcard.o(i.SD_WriteMultiBlocks)
    SPI1_Init                                0x08003be9   Thumb Code   186  spi.o(i.SPI1_Init)
    SPI1_ReadWriteByte                       0x08003cad   Thumb Code    50  spi.o(i.SPI1_ReadWriteByte)
    SPI1_SetSpeed                            0x08003ce5   Thumb Code    36  spi.o(i.SPI1_SetSpeed)
    SPI_Cmd                                  0x08003d0d   Thumb Code    24  stm32f4xx_spi.o(i.SPI_Cmd)
    SPI_I2S_GetFlagStatus                    0x08003d25   Thumb Code    18  stm32f4xx_spi.o(i.SPI_I2S_GetFlagStatus)
    SPI_I2S_ReceiveData                      0x08003d37   Thumb Code     6  stm32f4xx_spi.o(i.SPI_I2S_ReceiveData)
    SPI_I2S_SendData                         0x08003d3d   Thumb Code     4  stm32f4xx_spi.o(i.SPI_I2S_SendData)
    SPI_Init                                 0x08003d41   Thumb Code    60  stm32f4xx_spi.o(i.SPI_Init)
    SVC_Handler                              0x08003d7d   Thumb Code     2  stm32f4xx_it.o(i.SVC_Handler)
    SysTick_CLKSourceConfig                  0x08003e6d   Thumb Code    40  misc.o(i.SysTick_CLKSourceConfig)
    SysTick_Handler                          0x08003e95   Thumb Code     2  stm32f4xx_it.o(i.SysTick_Handler)
    SysTick_Init                             0x08003e99   Thumb Code    52  systick.o(i.SysTick_Init)
    SystemInit                               0x08003ed5   Thumb Code    88  system_stm32f4xx.o(i.SystemInit)
    TFTLCD_FSMC_Init                         0x08003f3d   Thumb Code   126  tftlcd.o(i.TFTLCD_FSMC_Init)
    TFTLCD_GPIO_Init                         0x08003fbd   Thumb Code   416  tftlcd.o(i.TFTLCD_GPIO_Init)
    TFTLCD_Init                              0x08004175   Thumb Code   984  tftlcd.o(i.TFTLCD_Init)
    TIM14_CH1_PWM_Init                       0x08004565   Thumb Code   158  pwm.o(i.TIM14_CH1_PWM_Init)
    TIM3_Config                              0x0800460d   Thumb Code   110  adc.o(i.TIM3_Config)
    TIM4_IRQHandler                          0x08004685   Thumb Code    54  time.o(i.TIM4_IRQHandler)
    TIM4_Init                                0x080046c9   Thumb Code    96  time.o(i.TIM4_Init)
    TIM_ARRPreloadConfig                     0x0800472d   Thumb Code    24  stm32f4xx_tim.o(i.TIM_ARRPreloadConfig)
    TIM_ClearITPendingBit                    0x08004745   Thumb Code     6  stm32f4xx_tim.o(i.TIM_ClearITPendingBit)
    TIM_Cmd                                  0x0800474b   Thumb Code    24  stm32f4xx_tim.o(i.TIM_Cmd)
    TIM_GetITStatus                          0x08004763   Thumb Code    34  stm32f4xx_tim.o(i.TIM_GetITStatus)
    TIM_ITConfig                             0x08004785   Thumb Code    18  stm32f4xx_tim.o(i.TIM_ITConfig)
    TIM_OC1Init                              0x08004799   Thumb Code   114  stm32f4xx_tim.o(i.TIM_OC1Init)
    TIM_OC1PreloadConfig                     0x08004815   Thumb Code    18  stm32f4xx_tim.o(i.TIM_OC1PreloadConfig)
    TIM_SelectOutputTrigger                  0x08004827   Thumb Code    18  stm32f4xx_tim.o(i.TIM_SelectOutputTrigger)
    TIM_TimeBaseInit                         0x08004839   Thumb Code   104  stm32f4xx_tim.o(i.TIM_TimeBaseInit)
    USART1_IRQHandler                        0x080048bd   Thumb Code   122  usart.o(i.USART1_IRQHandler)
    USART1_Init                              0x08004945   Thumb Code   172  usart.o(i.USART1_Init)
    USART2_IRQHandler                        0x080049f9   Thumb Code   122  usart.o(i.USART2_IRQHandler)
    USART_ClearFlag                          0x08004a81   Thumb Code    18  stm32f4xx_usart.o(i.USART_ClearFlag)
    USART_Cmd                                0x08004a93   Thumb Code    24  stm32f4xx_usart.o(i.USART_Cmd)
    USART_GetFlagStatus                      0x08004aab   Thumb Code    26  stm32f4xx_usart.o(i.USART_GetFlagStatus)
    USART_GetITStatus                        0x08004ac5   Thumb Code    84  stm32f4xx_usart.o(i.USART_GetITStatus)
    USART_ITConfig                           0x08004b19   Thumb Code    74  stm32f4xx_usart.o(i.USART_ITConfig)
    USART_Init                               0x08004b65   Thumb Code   204  stm32f4xx_usart.o(i.USART_Init)
    USART_ReceiveData                        0x08004c39   Thumb Code    10  stm32f4xx_usart.o(i.USART_ReceiveData)
    USART_SendData                           0x08004c43   Thumb Code     8  stm32f4xx_usart.o(i.USART_SendData)
    UsageFault_Handler                       0x08004c4b   Thumb Code     4  stm32f4xx_it.o(i.UsageFault_Handler)
    __0printf                                0x08004c51   Thumb Code    22  printfa.o(i.__0printf)
    __1printf                                0x08004c51   Thumb Code     0  printfa.o(i.__0printf)
    __2printf                                0x08004c51   Thumb Code     0  printfa.o(i.__0printf)
    __c89printf                              0x08004c51   Thumb Code     0  printfa.o(i.__0printf)
    printf                                   0x08004c51   Thumb Code     0  printfa.o(i.__0printf)
    __scatterload_copy                       0x08004c71   Thumb Code    14  handlers.o(i.__scatterload_copy)
    __scatterload_null                       0x08004c7f   Thumb Code     2  handlers.o(i.__scatterload_null)
    __scatterload_zeroinit                   0x08004c81   Thumb Code    14  handlers.o(i.__scatterload_zeroinit)
    adc_save_to_wav                          0x08005545   Thumb Code   682  wav.o(i.adc_save_to_wav)
    adc_to_pcm16                             0x08005955   Thumb Code    32  wav.o(i.adc_to_pcm16)
    cmd_action_receive_data                  0x08005b11   Thumb Code    18  uart_cmd_process.o(i.cmd_action_receive_data)
    cmd_action_send_pwm                      0x08005b3d   Thumb Code   168  uart_cmd_process.o(i.cmd_action_send_pwm)
    convert_from_bytes_to_power_of_two       0x08005cb5   Thumb Code    18  sdio_sdcard.o(i.convert_from_bytes_to_power_of_two)
    create_wav_header                        0x08006095   Thumb Code    78  wav.o(i.create_wav_header)
    delay_ms                                 0x08006195   Thumb Code    56  systick.o(i.delay_ms)
    delay_nms                                0x080061cd   Thumb Code    72  systick.o(i.delay_nms)
    dir_sdi                                  0x08006865   Thumb Code   170  ff.o(i.dir_sdi)
    disk_initialize                          0x08006911   Thumb Code    52  diskio.o(i.disk_initialize)
    disk_ioctl                               0x08006949   Thumb Code   170  diskio.o(i.disk_ioctl)
    disk_read                                0x080069fd   Thumb Code   122  diskio.o(i.disk_read)
    disk_status                              0x08006a77   Thumb Code     6  diskio.o(i.disk_status)
    disk_write                               0x08006a7d   Thumb Code   122  diskio.o(i.disk_write)
    f_close                                  0x08006b27   Thumb Code    38  ff.o(i.f_close)
    f_getfree                                0x08006b4d   Thumb Code   358  ff.o(i.f_getfree)
    f_lseek                                  0x08006cb3   Thumb Code  1050  ff.o(i.f_lseek)
    f_mkfs                                   0x080070cd   Thumb Code  1384  ff.o(i.f_mkfs)
    f_mount                                  0x0800763d   Thumb Code    86  ff.o(i.f_mount)
    f_open                                   0x08007699   Thumb Code   700  ff.o(i.f_open)
    f_setlabel                               0x08007955   Thumb Code   612  ff.o(i.f_setlabel)
    f_sync                                   0x08007bbd   Thumb Code   398  ff.o(i.f_sync)
    f_truncate                               0x08007d4b   Thumb Code   214  ff.o(i.f_truncate)
    f_write                                  0x08007e21   Thumb Code   658  ff.o(i.f_write)
    fatfs_getfree                            0x080080b3   Thumb Code    74  fatfs_app.o(i.fatfs_getfree)
    ff_convert                               0x080080fd   Thumb Code   116  cc936.o(i.ff_convert)
    ff_memalloc                              0x08008179   Thumb Code    14  diskio.o(i.ff_memalloc)
    ff_memfree                               0x08008187   Thumb Code    14  diskio.o(i.ff_memfree)
    ff_wtoupper                              0x08008195   Thumb Code   156  cc936.o(i.ff_wtoupper)
    fputc                                    0x08008851   Thumb Code    32  usart.o(i.fputc)
    get_fattime                              0x08008abb   Thumb Code     4  diskio.o(i.get_fattime)
    init_cmd_data                            0x08008b09   Thumb Code    14  parse_cmd.o(i.init_cmd_data)
    main                                     0x08008cdd   Thumb Code   572  main.o(i.main)
    my_mem_free                              0x080090dd   Thumb Code    96  malloc.o(i.my_mem_free)
    my_mem_init                              0x08009149   Thumb Code    54  malloc.o(i.my_mem_init)
    my_mem_malloc                            0x0800918d   Thumb Code   156  malloc.o(i.my_mem_malloc)
    my_mem_perused                           0x08009235   Thumb Code    54  malloc.o(i.my_mem_perused)
    my_mem_set                               0x08009275   Thumb Code    20  malloc.o(i.my_mem_set)
    myfree                                   0x08009289   Thumb Code    30  malloc.o(i.myfree)
    mymalloc                                 0x080092ad   Thumb Code    34  malloc.o(i.mymalloc)
    parse_cmd                                0x080092d5   Thumb Code   294  parse_cmd.o(i.parse_cmd)
    uart_cmd_process                         0x080099a1   Thumb Code   184  uart_cmd_process.o(i.uart_cmd_process)
    uart_send_response                       0x08009a91   Thumb Code   104  uart_cmd_process.o(i.uart_send_response)
    ascii_1206                               0x08009bc0   Data        1140  tftlcd.o(.constdata)
    ascii_1608                               0x0800a034   Data        1520  tftlcd.o(.constdata)
    ascii_2412                               0x0800a624   Data        3420  tftlcd.o(.constdata)
    ascii_3216                               0x0800b380   Data       12160  tftlcd.o(.constdata)
    CnChar32x29                              0x0800e300   Data         472  tftlcd.o(.constdata)
    memtblsize                               0x080390d8   Data          12  malloc.o(.constdata)
    memblksize                               0x080390e4   Data          12  malloc.o(.constdata)
    memsize                                  0x080390f0   Data          12  malloc.o(.constdata)
    Region$$Table$$Base                      0x080390fc   Number         0  anon$$obj.o(Region$$Table)
    Region$$Table$$Limit                     0x0803911c   Number         0  anon$$obj.o(Region$$Table)
    mem3base                                 0x10000000   Data       61440  malloc.o(.ARM.__AT_0x10000000)
    mem3mapbase                              0x1000f000   Data        3840  malloc.o(.ARM.__AT_0x1000F000)
    SystemCoreClock                          0x20000010   Data           4  system_stm32f4xx.o(.data)
    AHBPrescTable                            0x20000014   Data          16  system_stm32f4xx.o(.data)
    USART1_RX_STA                            0x20000028   Data           2  usart.o(.data)
    USART2_RX_STA                            0x2000002a   Data           2  usart.o(.data)
    tim4_count                               0x2000002c   Data           1  time.o(.data)
    tc_counter                               0x20000030   Data           2  adc.o(.data)
    adc_buf                                  0x20000034   Data       32784  adc.o(.data)
    curr_collect_buf                         0x20008044   Data           1  adc.o(.data)
    curr_write_buf                           0x20008045   Data           1  adc.o(.data)
    collect_finish                           0x20008046   Data           1  adc.o(.data)
    total_adc_samples                        0x20008048   Data           4  wav.o(.data)
    adc_record_finish                        0x2000804c   Data           1  wav.o(.data)
    sample_counter                           0x20008050   Data           4  wav.o(.data)
    TransferError                            0x2000805e   Data           1  sdio_sdcard.o(.data)
    TransferEnd                              0x2000805f   Data           1  sdio_sdcard.o(.data)
    DMAEndOfTransfer                         0x20008060   Data           1  sdio_sdcard.o(.data)
    tempbuff                                 0x20008064   Data           4  sdio_sdcard.o(.data)
    FRONT_COLOR                              0x20008068   Data           2  tftlcd.o(.data)
    BACK_COLOR                               0x2000806a   Data           2  tftlcd.o(.data)
    tftlcd_data                              0x2000806c   Data           8  tftlcd.o(.data)
    EN25QXX_TYPE                             0x20008074   Data           2  flash.o(.data)
    file                                     0x20008078   Data           4  fatfs_app.o(.data)
    ftemp                                    0x2000807c   Data           4  fatfs_app.o(.data)
    br                                       0x20008080   Data           4  fatfs_app.o(.data)
    bw                                       0x20008084   Data           4  fatfs_app.o(.data)
    fatbuf                                   0x20008088   Data           4  fatfs_app.o(.data)
    FLASH_SECTOR_COUNT                       0x2000808e   Data           2  diskio.o(.data)
    malloc_cortol                            0x20008090   Data          36  malloc.o(.data)
    __stdout                                 0x200080b8   Data           4  stdout.o(.data)
    USART1_RX_BUF                            0x200080bc   Data         200  usart.o(.bss)
    USART2_RX_BUF                            0x20008184   Data         200  usart.o(.bss)
    my_cmd_data                              0x2000824c   Data          12  uart_cmd_process.o(.bss)
    SDIO_InitStructure                       0x20008258   Data          24  sdio_sdcard.o(.bss)
    SDIO_CmdInitStructure                    0x20008270   Data          20  sdio_sdcard.o(.bss)
    SDIO_DataInitStructure                   0x20008284   Data          24  sdio_sdcard.o(.bss)
    SDCardInfo                               0x200082c0   Data          88  sdio_sdcard.o(.bss)
    SDIO_DATA_BUFFER                         0x20008318   Data         512  sdio_sdcard.o(.bss)
    EN25QXX_BUFFER                           0x20008518   Data        4096  flash.o(.bss)
    fs                                       0x20009518   Data          16  fatfs_app.o(.bss)
    fileinfo                                 0x20009528   Data         288  fatfs_app.o(.bss)
    dir                                      0x20009648   Data          72  fatfs_app.o(.bss)
    mem1base                                 0x200096a0   Data       61440  malloc.o(.bss)
    mem1mapbase                              0x200186a0   Data        3840  malloc.o(.bss)
    __initial_sp                             0x200199a0   Data           0  startup_stm32f40_41xxx.o(STACK)
    mem2base                                 0x68000000   Data       983040  malloc.o(.ARM.__AT_0x68000000)
    mem2mapbase                              0x680f0000   Data       61440  malloc.o(.ARM.__AT_0x680F0000)



==============================================================================

Memory Map of the image

  Image Entry point : 0x08000189

  Load Region LR_IROM1 (Base: 0x08000000, Size: 0x000411d8, Max: 0x00100000, ABSOLUTE, COMPRESSED[0x00039260])

    Execution Region ER_IROM1 (Exec base: 0x08000000, Load base: 0x08000000, Size: 0x0003911c, Max: 0x00100000, ABSOLUTE)

    Exec Addr    Load Addr    Size         Type   Attr      Idx    E Section Name        Object

    0x08000000   0x08000000   0x00000188   Data   RO          309    RESET               startup_stm32f40_41xxx.o
    0x08000188   0x08000188   0x00000000   Code   RO         5101  * .ARM.Collect$$$$00000000  mc_w.l(entry.o)
    0x08000188   0x08000188   0x00000004   Code   RO         5401    .ARM.Collect$$$$00000001  mc_w.l(entry2.o)
    0x0800018c   0x0800018c   0x00000004   Code   RO         5404    .ARM.Collect$$$$00000004  mc_w.l(entry5.o)
    0x08000190   0x08000190   0x00000000   Code   RO         5406    .ARM.Collect$$$$00000008  mc_w.l(entry7b.o)
    0x08000190   0x08000190   0x00000000   Code   RO         5408    .ARM.Collect$$$$0000000A  mc_w.l(entry8b.o)
    0x08000190   0x08000190   0x00000008   Code   RO         5409    .ARM.Collect$$$$0000000B  mc_w.l(entry9a.o)
    0x08000198   0x08000198   0x00000000   Code   RO         5411    .ARM.Collect$$$$0000000D  mc_w.l(entry10a.o)
    0x08000198   0x08000198   0x00000000   Code   RO         5413    .ARM.Collect$$$$0000000F  mc_w.l(entry11a.o)
    0x08000198   0x08000198   0x00000004   Code   RO         5402    .ARM.Collect$$$$00002712  mc_w.l(entry2.o)
    0x0800019c   0x0800019c   0x00000024   Code   RO          310    .text               startup_stm32f40_41xxx.o
    0x080001c0   0x080001c0   0x00000062   Code   RO         5104    .text               mc_w.l(uldiv.o)
    0x08000222   0x08000222   0x00000062   Code   RO         5106    .text               mc_w.l(ldiv.o)
    0x08000284   0x08000284   0x00000024   Code   RO         5108    .text               mc_w.l(memcpya.o)
    0x080002a8   0x080002a8   0x00000024   Code   RO         5110    .text               mc_w.l(memseta.o)
    0x080002cc   0x080002cc   0x00000024   Code   RO         5114    .text               mc_w.l(strstr.o)
    0x080002f0   0x080002f0   0x00000018   Code   RO         5116    .text               mc_w.l(strncpy.o)
    0x08000308   0x08000308   0x0000000e   Code   RO         5118    .text               mc_w.l(strlen.o)
    0x08000316   0x08000316   0x0000001c   Code   RO         5120    .text               mc_w.l(strcmp.o)
    0x08000332   0x08000332   0x00000002   PAD
    0x08000334   0x08000334   0x00000044   Code   RO         5124    .text               mc_w.l(strtok.o)
    0x08000378   0x08000378   0x000000e4   Code   RO         5393    .text               mf_w.l(dmul.o)
    0x0800045c   0x0800045c   0x00000026   Code   RO         5399    .text               mf_w.l(f2d.o)
    0x08000482   0x08000482   0x0000002c   Code   RO         5416    .text               mc_w.l(uidiv.o)
    0x080004ae   0x080004ae   0x0000001e   Code   RO         5418    .text               mc_w.l(llshl.o)
    0x080004cc   0x080004cc   0x00000020   Code   RO         5420    .text               mc_w.l(llushr.o)
    0x080004ec   0x080004ec   0x00000000   Code   RO         5422    .text               mc_w.l(iusefp.o)
    0x080004ec   0x080004ec   0x000000ba   Code   RO         5423    .text               mf_w.l(depilogue.o)
    0x080005a6   0x080005a6   0x0000014e   Code   RO         5425    .text               mf_w.l(dadd.o)
    0x080006f4   0x080006f4   0x000000de   Code   RO         5427    .text               mf_w.l(ddiv.o)
    0x080007d2   0x080007d2   0x00000030   Code   RO         5429    .text               mf_w.l(dfixul.o)
    0x08000802   0x08000802   0x00000002   PAD
    0x08000804   0x08000804   0x00000030   Code   RO         5431    .text               mf_w.l(cdrcmple.o)
    0x08000834   0x08000834   0x00000024   Code   RO         5433    .text               mc_w.l(init.o)
    0x08000858   0x08000858   0x00000024   Code   RO         5435    .text               mc_w.l(llsshr.o)
    0x0800087c   0x0800087c   0x00000056   Code   RO         5445    .text               mc_w.l(__dczerorl2.o)
    0x080008d2   0x080008d2   0x00000016   Code   RO         1695    i.ADC_Cmd           stm32f4xx_adc.o
    0x080008e8   0x080008e8   0x00000030   Code   RO         1696    i.ADC_CommonInit    stm32f4xx_adc.o
    0x08000918   0x08000918   0x00000154   Code   RO         3671    i.ADC_Config        adc.o
    0x08000a6c   0x08000a6c   0x00000016   Code   RO         1699    i.ADC_DMACmd        stm32f4xx_adc.o
    0x08000a82   0x08000a82   0x00000016   Code   RO         1700    i.ADC_DMARequestAfterLastTransferCmd  stm32f4xx_adc.o
    0x08000a98   0x08000a98   0x0000003c   Code   RO         3672    i.ADC_DMA_Trig      adc.o
    0x08000ad4   0x08000ad4   0x00000016   Code   RO         1701    i.ADC_DeInit        stm32f4xx_adc.o
    0x08000aea   0x08000aea   0x00000002   PAD
    0x08000aec   0x08000aec   0x00000054   Code   RO         1715    i.ADC_Init          stm32f4xx_adc.o
    0x08000b40   0x08000b40   0x000000b8   Code   RO         1720    i.ADC_RegularChannelConfig  stm32f4xx_adc.o
    0x08000bf8   0x08000bf8   0x00000004   Code   RO          213    i.BusFault_Handler  stm32f4xx_it.o
    0x08000bfc   0x08000bfc   0x00000030   Code   RO         3828    i.CmdError          sdio_sdcard.o
    0x08000c2c   0x08000c2c   0x00000064   Code   RO         3829    i.CmdResp1Error     sdio_sdcard.o
    0x08000c90   0x08000c90   0x00000054   Code   RO         3830    i.CmdResp2Error     sdio_sdcard.o
    0x08000ce4   0x08000ce4   0x00000038   Code   RO         3831    i.CmdResp3Error     sdio_sdcard.o
    0x08000d1c   0x08000d1c   0x00000094   Code   RO         3832    i.CmdResp6Error     sdio_sdcard.o
    0x08000db0   0x08000db0   0x0000004c   Code   RO         3833    i.CmdResp7Error     sdio_sdcard.o
    0x08000dfc   0x08000dfc   0x00000050   Code   RO         3674    i.DMA2_Stream0_IRQHandler  adc.o
    0x08000e4c   0x08000e4c   0x00000008   Code   RO         3834    i.DMA2_Stream3_IRQHandler  sdio_sdcard.o
    0x08000e54   0x08000e54   0x00000034   Code   RO         1935    i.DMA_ClearFlag     stm32f4xx_dma.o
    0x08000e88   0x08000e88   0x00000034   Code   RO         1936    i.DMA_ClearITPendingBit  stm32f4xx_dma.o
    0x08000ebc   0x08000ebc   0x00000016   Code   RO         1937    i.DMA_Cmd           stm32f4xx_dma.o
    0x08000ed2   0x08000ed2   0x00000002   PAD
    0x08000ed4   0x08000ed4   0x00000158   Code   RO         1938    i.DMA_DeInit        stm32f4xx_dma.o
    0x0800102c   0x0800102c   0x00000016   Code   RO         1939    i.DMA_DoubleBufferModeCmd  stm32f4xx_dma.o
    0x08001042   0x08001042   0x00000018   Code   RO         1940    i.DMA_DoubleBufferModeConfig  stm32f4xx_dma.o
    0x0800105a   0x0800105a   0x00000016   Code   RO         1941    i.DMA_FlowControllerConfig  stm32f4xx_dma.o
    0x08001070   0x08001070   0x00000014   Code   RO         1942    i.DMA_GetCmdStatus  stm32f4xx_dma.o
    0x08001084   0x08001084   0x00000014   Code   RO         1944    i.DMA_GetCurrentMemoryTarget  stm32f4xx_dma.o
    0x08001098   0x08001098   0x00000044   Code   RO         1946    i.DMA_GetFlagStatus  stm32f4xx_dma.o
    0x080010dc   0x080010dc   0x00000064   Code   RO         1947    i.DMA_GetITStatus   stm32f4xx_dma.o
    0x08001140   0x08001140   0x0000003a   Code   RO         1948    i.DMA_ITConfig      stm32f4xx_dma.o
    0x0800117a   0x0800117a   0x00000002   PAD
    0x0800117c   0x0800117c   0x00000058   Code   RO         1949    i.DMA_Init          stm32f4xx_dma.o
    0x080011d4   0x080011d4   0x00000002   Code   RO          214    i.DebugMon_Handler  stm32f4xx_it.o
    0x080011d6   0x080011d6   0x00000002   PAD
    0x080011d8   0x080011d8   0x00000058   Code   RO         4266    i.EN25QXX_Erase_Sector  flash.o
    0x08001230   0x08001230   0x00000094   Code   RO         4267    i.EN25QXX_Init      flash.o
    0x080012c4   0x080012c4   0x00000050   Code   RO         4269    i.EN25QXX_Read      flash.o
    0x08001314   0x08001314   0x00000048   Code   RO         4270    i.EN25QXX_ReadID    flash.o
    0x0800135c   0x0800135c   0x0000002c   Code   RO         4271    i.EN25QXX_ReadSR    flash.o
    0x08001388   0x08001388   0x00000012   Code   RO         4273    i.EN25QXX_Wait_Busy  flash.o
    0x0800139a   0x0800139a   0x00000002   PAD
    0x0800139c   0x0800139c   0x000000b8   Code   RO         4274    i.EN25QXX_Write     flash.o
    0x08001454   0x08001454   0x00000020   Code   RO         4276    i.EN25QXX_Write_Enable  flash.o
    0x08001474   0x08001474   0x00000046   Code   RO         4277    i.EN25QXX_Write_NoCheck  flash.o
    0x080014ba   0x080014ba   0x00000002   PAD
    0x080014bc   0x080014bc   0x00000054   Code   RO         4278    i.EN25QXX_Write_Page  flash.o
    0x08001510   0x08001510   0x00000084   Code   RO         4422    i.FATFS_Init        fatfs_app.o
    0x08001594   0x08001594   0x00000034   Code   RO         2336    i.FSMC_NORSRAMCmd   stm32f4xx_fsmc.o
    0x080015c8   0x080015c8   0x00000128   Code   RO         2338    i.FSMC_NORSRAMInit  stm32f4xx_fsmc.o
    0x080016f0   0x080016f0   0x00000194   Code   RO         3835    i.FindSCR           sdio_sdcard.o
    0x08001884   0x08001884   0x00000090   Code   RO          318    i.GPIO_Init         stm32f4xx_gpio.o
    0x08001914   0x08001914   0x00000046   Code   RO          319    i.GPIO_PinAFConfig  stm32f4xx_gpio.o
    0x0800195a   0x0800195a   0x00000004   Code   RO          326    i.GPIO_SetBits      stm32f4xx_gpio.o
    0x0800195e   0x0800195e   0x00000004   Code   RO          215    i.HardFault_Handler  stm32f4xx_it.o
    0x08001962   0x08001962   0x00000002   PAD
    0x08001964   0x08001964   0x000000a0   Code   RO         3836    i.IsCardProgramming  sdio_sdcard.o
    0x08001a04   0x08001a04   0x00000048   Code   RO         4057    i.LCD_Clear         tftlcd.o
    0x08001a4c   0x08001a4c   0x00000040   Code   RO         4059    i.LCD_Display_Dir   tftlcd.o
    0x08001a8c   0x08001a8c   0x0000001c   Code   RO         4060    i.LCD_DrawFRONT_COLOR  tftlcd.o
    0x08001aa8   0x08001aa8   0x0000005c   Code   RO         4067    i.LCD_Fill          tftlcd.o
    0x08001b04   0x08001b04   0x00000016   Code   RO         4068    i.LCD_Pow           tftlcd.o
    0x08001b1a   0x08001b1a   0x000000a6   Code   RO         4073    i.LCD_Set_Window    tftlcd.o
    0x08001bc0   0x08001bc0   0x00000128   Code   RO         4074    i.LCD_ShowChar      tftlcd.o
    0x08001ce8   0x08001ce8   0x00000094   Code   RO         4076    i.LCD_ShowNum       tftlcd.o
    0x08001d7c   0x08001d7c   0x00000066   Code   RO         4078    i.LCD_ShowString    tftlcd.o
    0x08001de2   0x08001de2   0x00000002   PAD
    0x08001de4   0x08001de4   0x0000000c   Code   RO         4080    i.LCD_WriteCmd      tftlcd.o
    0x08001df0   0x08001df0   0x00000014   Code   RO         4081    i.LCD_WriteCmdData  tftlcd.o
    0x08001e04   0x08001e04   0x0000000c   Code   RO         4082    i.LCD_WriteData     tftlcd.o
    0x08001e10   0x08001e10   0x0000000c   Code   RO         4083    i.LCD_WriteData_Color  tftlcd.o
    0x08001e1c   0x08001e1c   0x00000058   Code   RO         3575    i.LED_Init          led.o
    0x08001e74   0x08001e74   0x00000004   Code   RO          216    i.MemManage_Handler  stm32f4xx_it.o
    0x08001e78   0x08001e78   0x00000002   Code   RO          217    i.NMI_Handler       stm32f4xx_it.o
    0x08001e7a   0x08001e7a   0x00000002   PAD
    0x08001e7c   0x08001e7c   0x00000078   Code   RO          817    i.NVIC_Init         misc.o
    0x08001ef4   0x08001ef4   0x00000014   Code   RO          818    i.NVIC_PriorityGroupConfig  misc.o
    0x08001f08   0x08001f08   0x00000002   Code   RO          218    i.PendSV_Handler    stm32f4xx_it.o
    0x08001f0a   0x08001f0a   0x00000002   PAD
    0x08001f0c   0x08001f0c   0x00000020   Code   RO          419    i.RCC_AHB1PeriphClockCmd  stm32f4xx_rcc.o
    0x08001f2c   0x08001f2c   0x00000020   Code   RO          425    i.RCC_AHB3PeriphClockCmd  stm32f4xx_rcc.o
    0x08001f4c   0x08001f4c   0x00000020   Code   RO          428    i.RCC_APB1PeriphClockCmd  stm32f4xx_rcc.o
    0x08001f6c   0x08001f6c   0x00000020   Code   RO          431    i.RCC_APB2PeriphClockCmd  stm32f4xx_rcc.o
    0x08001f8c   0x08001f8c   0x00000020   Code   RO          433    i.RCC_APB2PeriphResetCmd  stm32f4xx_rcc.o
    0x08001fac   0x08001fac   0x000000e8   Code   RO          440    i.RCC_GetClocksFreq  stm32f4xx_rcc.o
    0x08002094   0x08002094   0x000000ac   Code   RO         3837    i.SDEnWideBus       sdio_sdcard.o
    0x08002140   0x08002140   0x0000000c   Code   RO         2629    i.SDIO_ClearFlag    stm32f4xx_sdio.o
    0x0800214c   0x0800214c   0x00000014   Code   RO         3838    i.SDIO_Clock_Set    sdio_sdcard.o
    0x08002160   0x08002160   0x00000034   Code   RO         2635    i.SDIO_DataConfig   stm32f4xx_sdio.o
    0x08002194   0x08002194   0x00000018   Code   RO         2641    i.SDIO_GetFlagStatus  stm32f4xx_sdio.o
    0x080021ac   0x080021ac   0x00000010   Code   RO         2643    i.SDIO_GetPowerState  stm32f4xx_sdio.o
    0x080021bc   0x080021bc   0x00000008   Code   RO         3839    i.SDIO_IRQHandler   sdio_sdcard.o
    0x080021c4   0x080021c4   0x00000030   Code   RO         2646    i.SDIO_Init         stm32f4xx_sdio.o
    0x080021f4   0x080021f4   0x00000038   Code   RO         3840    i.SDIO_Register_Deinit  sdio_sdcard.o
    0x0800222c   0x0800222c   0x0000002c   Code   RO         2649    i.SDIO_SendCommand  stm32f4xx_sdio.o
    0x08002258   0x08002258   0x0000000c   Code   RO         2651    i.SDIO_SetPowerState  stm32f4xx_sdio.o
    0x08002264   0x08002264   0x0000009c   Code   RO         3841    i.SD_DMA_Config     sdio_sdcard.o
    0x08002300   0x08002300   0x00000068   Code   RO         3842    i.SD_EnableWideBusOperation  sdio_sdcard.o
    0x08002368   0x08002368   0x00000314   Code   RO         3843    i.SD_GetCardInfo    sdio_sdcard.o
    0x0800267c   0x0800267c   0x00000144   Code   RO         3845    i.SD_Init           sdio_sdcard.o
    0x080027c0   0x080027c0   0x00000164   Code   RO         3846    i.SD_InitializeCards  sdio_sdcard.o
    0x08002924   0x08002924   0x000001e4   Code   RO         3848    i.SD_PowerON        sdio_sdcard.o
    0x08002b08   0x08002b08   0x00000030   Code   RO         3849    i.SD_ProcessDMAIRQ  sdio_sdcard.o
    0x08002b38   0x08002b38   0x00000154   Code   RO         3850    i.SD_ProcessIRQSrc  sdio_sdcard.o
    0x08002c8c   0x08002c8c   0x00000294   Code   RO         3851    i.SD_ReadBlock      sdio_sdcard.o
    0x08002f20   0x08002f20   0x00000098   Code   RO         3852    i.SD_ReadDisk       sdio_sdcard.o
    0x08002fb8   0x08002fb8   0x00000364   Code   RO         3853    i.SD_ReadMultiBlocks  sdio_sdcard.o
    0x0800331c   0x0800331c   0x00000030   Code   RO         3854    i.SD_SelectDeselect  sdio_sdcard.o
    0x0800334c   0x0800334c   0x00000018   Code   RO         3856    i.SD_SetDeviceMode  sdio_sdcard.o
    0x08003364   0x08003364   0x00000034   Code   RO         3857    i.SD_StopTransfer   sdio_sdcard.o
    0x08003398   0x08003398   0x000003c0   Code   RO         3858    i.SD_WriteBlock     sdio_sdcard.o
    0x08003758   0x08003758   0x00000098   Code   RO         3859    i.SD_WriteDisk      sdio_sdcard.o
    0x080037f0   0x080037f0   0x000003f8   Code   RO         3860    i.SD_WriteMultiBlocks  sdio_sdcard.o
    0x08003be8   0x08003be8   0x000000c4   Code   RO         4383    i.SPI1_Init         spi.o
    0x08003cac   0x08003cac   0x00000038   Code   RO         4384    i.SPI1_ReadWriteByte  spi.o
    0x08003ce4   0x08003ce4   0x00000028   Code   RO         4385    i.SPI1_SetSpeed     spi.o
    0x08003d0c   0x08003d0c   0x00000018   Code   RO         2466    i.SPI_Cmd           stm32f4xx_spi.o
    0x08003d24   0x08003d24   0x00000012   Code   RO         2474    i.SPI_I2S_GetFlagStatus  stm32f4xx_spi.o
    0x08003d36   0x08003d36   0x00000006   Code   RO         2477    i.SPI_I2S_ReceiveData  stm32f4xx_spi.o
    0x08003d3c   0x08003d3c   0x00000004   Code   RO         2478    i.SPI_I2S_SendData  stm32f4xx_spi.o
    0x08003d40   0x08003d40   0x0000003c   Code   RO         2479    i.SPI_Init          stm32f4xx_spi.o
    0x08003d7c   0x08003d7c   0x00000002   Code   RO          219    i.SVC_Handler       stm32f4xx_it.o
    0x08003d7e   0x08003d7e   0x00000002   PAD
    0x08003d80   0x08003d80   0x000000ec   Code   RO         3304    i.SetSysClock       system_stm32f4xx.o
    0x08003e6c   0x08003e6c   0x00000028   Code   RO          821    i.SysTick_CLKSourceConfig  misc.o
    0x08003e94   0x08003e94   0x00000002   Code   RO          220    i.SysTick_Handler   stm32f4xx_it.o
    0x08003e96   0x08003e96   0x00000002   PAD
    0x08003e98   0x08003e98   0x0000003c   Code   RO         3366    i.SysTick_Init      systick.o
    0x08003ed4   0x08003ed4   0x00000068   Code   RO         3306    i.SystemInit        system_stm32f4xx.o
    0x08003f3c   0x08003f3c   0x0000007e   Code   RO         4084    i.TFTLCD_FSMC_Init  tftlcd.o
    0x08003fba   0x08003fba   0x00000002   PAD
    0x08003fbc   0x08003fbc   0x000001b8   Code   RO         4085    i.TFTLCD_GPIO_Init  tftlcd.o
    0x08004174   0x08004174   0x000003f0   Code   RO         4086    i.TFTLCD_Init       tftlcd.o
    0x08004564   0x08004564   0x000000a8   Code   RO         3602    i.TIM14_CH1_PWM_Init  pwm.o
    0x0800460c   0x0800460c   0x00000078   Code   RO         3676    i.TIM3_Config       adc.o
    0x08004684   0x08004684   0x00000044   Code   RO         3635    i.TIM4_IRQHandler   time.o
    0x080046c8   0x080046c8   0x00000064   Code   RO         3636    i.TIM4_Init         time.o
    0x0800472c   0x0800472c   0x00000018   Code   RO          935    i.TIM_ARRPreloadConfig  stm32f4xx_tim.o
    0x08004744   0x08004744   0x00000006   Code   RO          942    i.TIM_ClearITPendingBit  stm32f4xx_tim.o
    0x0800474a   0x0800474a   0x00000018   Code   RO          947    i.TIM_Cmd           stm32f4xx_tim.o
    0x08004762   0x08004762   0x00000022   Code   RO          968    i.TIM_GetITStatus   stm32f4xx_tim.o
    0x08004784   0x08004784   0x00000012   Code   RO          972    i.TIM_ITConfig      stm32f4xx_tim.o
    0x08004796   0x08004796   0x00000002   PAD
    0x08004798   0x08004798   0x0000007c   Code   RO          976    i.TIM_OC1Init       stm32f4xx_tim.o
    0x08004814   0x08004814   0x00000012   Code   RO          979    i.TIM_OC1PreloadConfig  stm32f4xx_tim.o
    0x08004826   0x08004826   0x00000012   Code   RO         1005    i.TIM_SelectOutputTrigger  stm32f4xx_tim.o
    0x08004838   0x08004838   0x00000084   Code   RO         1019    i.TIM_TimeBaseInit  stm32f4xx_tim.o
    0x080048bc   0x080048bc   0x00000088   Code   RO         3419    i.USART1_IRQHandler  usart.o
    0x08004944   0x08004944   0x000000b4   Code   RO         3420    i.USART1_Init       usart.o
    0x080049f8   0x080049f8   0x00000088   Code   RO         3421    i.USART2_IRQHandler  usart.o
    0x08004a80   0x08004a80   0x00000012   Code   RO         1497    i.USART_ClearFlag   stm32f4xx_usart.o
    0x08004a92   0x08004a92   0x00000018   Code   RO         1501    i.USART_Cmd         stm32f4xx_usart.o
    0x08004aaa   0x08004aaa   0x0000001a   Code   RO         1504    i.USART_GetFlagStatus  stm32f4xx_usart.o
    0x08004ac4   0x08004ac4   0x00000054   Code   RO         1505    i.USART_GetITStatus  stm32f4xx_usart.o
    0x08004b18   0x08004b18   0x0000004a   Code   RO         1507    i.USART_ITConfig    stm32f4xx_usart.o
    0x08004b62   0x08004b62   0x00000002   PAD
    0x08004b64   0x08004b64   0x000000d4   Code   RO         1508    i.USART_Init        stm32f4xx_usart.o
    0x08004c38   0x08004c38   0x0000000a   Code   RO         1515    i.USART_ReceiveData  stm32f4xx_usart.o
    0x08004c42   0x08004c42   0x00000008   Code   RO         1518    i.USART_SendData    stm32f4xx_usart.o
    0x08004c4a   0x08004c4a   0x00000004   Code   RO          221    i.UsageFault_Handler  stm32f4xx_it.o
    0x08004c4e   0x08004c4e   0x00000002   PAD
    0x08004c50   0x08004c50   0x00000020   Code   RO         5365    i.__0printf         mc_w.l(printfa.o)
    0x08004c70   0x08004c70   0x0000000e   Code   RO         5439    i.__scatterload_copy  mc_w.l(handlers.o)
    0x08004c7e   0x08004c7e   0x00000002   Code   RO         5440    i.__scatterload_null  mc_w.l(handlers.o)
    0x08004c80   0x08004c80   0x0000000e   Code   RO         5441    i.__scatterload_zeroinit  mc_w.l(handlers.o)
    0x08004c8e   0x08004c8e   0x00000002   PAD
    0x08004c90   0x08004c90   0x00000184   Code   RO         5372    i._fp_digits        mc_w.l(printfa.o)
    0x08004e14   0x08004e14   0x000006dc   Code   RO         5373    i._printf_core      mc_w.l(printfa.o)
    0x080054f0   0x080054f0   0x00000024   Code   RO         5374    i._printf_post_padding  mc_w.l(printfa.o)
    0x08005514   0x08005514   0x0000002e   Code   RO         5375    i._printf_pre_padding  mc_w.l(printfa.o)
    0x08005542   0x08005542   0x00000002   PAD
    0x08005544   0x08005544   0x00000410   Code   RO         3765    i.adc_save_to_wav   wav.o
    0x08005954   0x08005954   0x00000020   Code   RO         3766    i.adc_to_pcm16      wav.o
    0x08005974   0x08005974   0x00000088   Code   RO         4500    i.change_bitmap     ff.o
    0x080059fc   0x080059fc   0x00000084   Code   RO         4501    i.check_fs          ff.o
    0x08005a80   0x08005a80   0x00000014   Code   RO         4502    i.chk_chr           ff.o
    0x08005a94   0x08005a94   0x00000062   Code   RO         4503    i.clmt_clust        ff.o
    0x08005af6   0x08005af6   0x0000001a   Code   RO         4504    i.clust2sect        ff.o
    0x08005b10   0x08005b10   0x0000002c   Code   RO         3515    i.cmd_action_receive_data  uart_cmd_process.o
    0x08005b3c   0x08005b3c   0x000000e0   Code   RO         3516    i.cmd_action_send_pwm  uart_cmd_process.o
    0x08005c1c   0x08005c1c   0x00000098   Code   RO         4505    i.cmp_lfn           ff.o
    0x08005cb4   0x08005cb4   0x00000012   Code   RO         3861    i.convert_from_bytes_to_power_of_two  sdio_sdcard.o
    0x08005cc6   0x08005cc6   0x0000015e   Code   RO         4506    i.create_chain      ff.o
    0x08005e24   0x08005e24   0x00000270   Code   RO         4507    i.create_name       ff.o
    0x08006094   0x08006094   0x00000070   Code   RO         3767    i.create_wav_header  wav.o
    0x08006104   0x08006104   0x00000090   Code   RO         4508    i.create_xdir       ff.o
    0x08006194   0x08006194   0x00000038   Code   RO         3367    i.delay_ms          systick.o
    0x080061cc   0x080061cc   0x0000004c   Code   RO         3368    i.delay_nms         systick.o
    0x08006218   0x08006218   0x0000007c   Code   RO         4509    i.dir_alloc         ff.o
    0x08006294   0x08006294   0x000001a0   Code   RO         4510    i.dir_find          ff.o
    0x08006434   0x08006434   0x00000120   Code   RO         4511    i.dir_next          ff.o
    0x08006554   0x08006554   0x00000104   Code   RO         4512    i.dir_read          ff.o
    0x08006658   0x08006658   0x0000020c   Code   RO         4513    i.dir_register      ff.o
    0x08006864   0x08006864   0x000000aa   Code   RO         4515    i.dir_sdi           ff.o
    0x0800690e   0x0800690e   0x00000002   PAD
    0x08006910   0x08006910   0x00000038   Code   RO         4951    i.disk_initialize   diskio.o
    0x08006948   0x08006948   0x000000b4   Code   RO         4952    i.disk_ioctl        diskio.o
    0x080069fc   0x080069fc   0x0000007a   Code   RO         4953    i.disk_read         diskio.o
    0x08006a76   0x08006a76   0x00000006   Code   RO         4954    i.disk_status       diskio.o
    0x08006a7c   0x08006a7c   0x0000007a   Code   RO         4955    i.disk_write        diskio.o
    0x08006af6   0x08006af6   0x00000030   Code   RO         3474    i.extract_num_from_str  parse_cmd.o
    0x08006b26   0x08006b26   0x00000026   Code   RO         4516    i.f_close           ff.o
    0x08006b4c   0x08006b4c   0x00000166   Code   RO         4518    i.f_getfree         ff.o
    0x08006cb2   0x08006cb2   0x0000041a   Code   RO         4521    i.f_lseek           ff.o
    0x080070cc   0x080070cc   0x00000570   Code   RO         4523    i.f_mkfs            ff.o
    0x0800763c   0x0800763c   0x0000005c   Code   RO         4524    i.f_mount           ff.o
    0x08007698   0x08007698   0x000002bc   Code   RO         4525    i.f_open            ff.o
    0x08007954   0x08007954   0x00000268   Code   RO         4533    i.f_setlabel        ff.o
    0x08007bbc   0x08007bbc   0x0000018e   Code   RO         4535    i.f_sync            ff.o
    0x08007d4a   0x08007d4a   0x000000d6   Code   RO         4536    i.f_truncate        ff.o
    0x08007e20   0x08007e20   0x00000292   Code   RO         4538    i.f_write           ff.o
    0x080080b2   0x080080b2   0x0000004a   Code   RO         4430    i.fatfs_getfree     fatfs_app.o
    0x080080fc   0x080080fc   0x0000007c   Code   RO         4919    i.ff_convert        cc936.o
    0x08008178   0x08008178   0x0000000e   Code   RO         4956    i.ff_memalloc       diskio.o
    0x08008186   0x08008186   0x0000000e   Code   RO         4957    i.ff_memfree        diskio.o
    0x08008194   0x08008194   0x000000a4   Code   RO         4920    i.ff_wtoupper       cc936.o
    0x08008238   0x08008238   0x00000036   Code   RO         4539    i.fill_fat_chain    ff.o
    0x0800826e   0x0800826e   0x000000a4   Code   RO         4540    i.find_bitmap       ff.o
    0x08008312   0x08008312   0x00000002   PAD
    0x08008314   0x08008314   0x00000458   Code   RO         4541    i.find_volume       ff.o
    0x0800876c   0x0800876c   0x000000e4   Code   RO         4542    i.follow_path       ff.o
    0x08008850   0x08008850   0x00000024   Code   RO         3423    i.fputc             usart.o
    0x08008874   0x08008874   0x000000cc   Code   RO         4543    i.gen_numname       ff.o
    0x08008940   0x08008940   0x0000017a   Code   RO         4544    i.get_fat           ff.o
    0x08008aba   0x08008aba   0x00000004   Code   RO         4958    i.get_fattime       diskio.o
    0x08008abe   0x08008abe   0x0000004a   Code   RO         4546    i.get_ldnumber      ff.o
    0x08008b08   0x08008b08   0x0000000e   Code   RO         3475    i.init_cmd_data     parse_cmd.o
    0x08008b16   0x08008b16   0x00000026   Code   RO         4548    i.ld_clust          ff.o
    0x08008b3c   0x08008b3c   0x00000018   Code   RO         4549    i.ld_dword          ff.o
    0x08008b54   0x08008b54   0x00000062   Code   RO         4550    i.ld_qword          ff.o
    0x08008bb6   0x08008bb6   0x0000000c   Code   RO         4551    i.ld_word           ff.o
    0x08008bc2   0x08008bc2   0x0000003c   Code   RO         4552    i.load_obj_dir      ff.o
    0x08008bfe   0x08008bfe   0x000000dc   Code   RO         4553    i.load_xdir         ff.o
    0x08008cda   0x08008cda   0x00000002   PAD
    0x08008cdc   0x08008cdc   0x0000037c   Code   RO            4    i.main              main.o
    0x08009058   0x08009058   0x00000024   Code   RO         4554    i.mem_cmp           ff.o
    0x0800907c   0x0800907c   0x0000001a   Code   RO         4555    i.mem_cpy           ff.o
    0x08009096   0x08009096   0x00000012   Code   RO         4556    i.mem_set           ff.o
    0x080090a8   0x080090a8   0x00000034   Code   RO         4557    i.move_window       ff.o
    0x080090dc   0x080090dc   0x0000006c   Code   RO         5021    i.my_mem_free       malloc.o
    0x08009148   0x08009148   0x00000044   Code   RO         5022    i.my_mem_init       malloc.o
    0x0800918c   0x0800918c   0x000000a8   Code   RO         5023    i.my_mem_malloc     malloc.o
    0x08009234   0x08009234   0x00000040   Code   RO         5024    i.my_mem_perused    malloc.o
    0x08009274   0x08009274   0x00000014   Code   RO         5025    i.my_mem_set        malloc.o
    0x08009288   0x08009288   0x00000024   Code   RO         5026    i.myfree            malloc.o
    0x080092ac   0x080092ac   0x00000028   Code   RO         5027    i.mymalloc          malloc.o
    0x080092d4   0x080092d4   0x00000160   Code   RO         3476    i.parse_cmd         parse_cmd.o
    0x08009434   0x08009434   0x00000088   Code   RO         4558    i.pick_lfn          ff.o
    0x080094bc   0x080094bc   0x00000144   Code   RO         4559    i.put_fat           ff.o
    0x08009600   0x08009600   0x00000080   Code   RO         4560    i.put_lfn           ff.o
    0x08009680   0x08009680   0x0000010a   Code   RO         4562    i.remove_chain      ff.o
    0x0800978a   0x0800978a   0x00000024   Code   RO         4563    i.st_clust          ff.o
    0x080097ae   0x080097ae   0x00000018   Code   RO         4564    i.st_dword          ff.o
    0x080097c6   0x080097c6   0x0000005c   Code   RO         4565    i.st_qword          ff.o
    0x08009822   0x08009822   0x0000000c   Code   RO         4566    i.st_word           ff.o
    0x0800982e   0x0800982e   0x0000006e   Code   RO         4567    i.store_xdir        ff.o
    0x0800989c   0x0800989c   0x00000020   Code   RO         4568    i.sum_sfn           ff.o
    0x080098bc   0x080098bc   0x00000090   Code   RO         4569    i.sync_fs           ff.o
    0x0800994c   0x0800994c   0x00000052   Code   RO         4570    i.sync_window       ff.o
    0x0800999e   0x0800999e   0x00000002   PAD
    0x080099a0   0x080099a0   0x000000f0   Code   RO         3517    i.uart_cmd_process  uart_cmd_process.o
    0x08009a90   0x08009a90   0x00000068   Code   RO         3518    i.uart_send_response  uart_cmd_process.o
    0x08009af8   0x08009af8   0x00000042   Code   RO         4571    i.validate          ff.o
    0x08009b3a   0x08009b3a   0x0000003a   Code   RO         4572    i.xdir_sum          ff.o
    0x08009b74   0x08009b74   0x0000004c   Code   RO         4573    i.xname_sum         ff.o
    0x08009bc0   0x08009bc0   0x00004918   Data   RO         4087    .constdata          tftlcd.o
    0x0800e4d8   0x0800e4d8   0x0000004a   Data   RO         4575    .constdata          ff.o
    0x0800e522   0x0800e522   0x0002abb6   Data   RO         4921    .constdata          cc936.o
    0x080390d8   0x080390d8   0x00000024   Data   RO         5034    .constdata          malloc.o
    0x080390fc   0x080390fc   0x00000020   Data   RO         5437    Region$$Table       anon$$obj.o


    Execution Region RW_IRAM1 (Exec base: 0x20000000, Load base: 0x0803911c, Size: 0x000199a0, Max: 0x00020000, ABSOLUTE, COMPRESSED[0x00000144])

    Exec Addr    Load Addr    Size         Type   Attr      Idx    E Section Name        Object

    0x20000000   COMPRESSED   0x00000010   Data   RW          472    .data               stm32f4xx_rcc.o
    0x20000010   COMPRESSED   0x00000014   Data   RW         3307    .data               system_stm32f4xx.o
    0x20000024   COMPRESSED   0x00000004   Data   RW         3371    .data               systick.o
    0x20000028   COMPRESSED   0x00000004   Data   RW         3425    .data               usart.o
    0x2000002c   COMPRESSED   0x00000001   Data   RW         3637    .data               time.o
    0x2000002d   COMPRESSED   0x00000003   PAD
    0x20000030   COMPRESSED   0x00008017   Data   RW         3677    .data               adc.o
    0x20008047   COMPRESSED   0x00000001   PAD
    0x20008048   COMPRESSED   0x0000000c   Data   RW         3768    .data               wav.o
    0x20008054   COMPRESSED   0x00000014   Data   RW         3863    .data               sdio_sdcard.o
    0x20008068   COMPRESSED   0x0000000c   Data   RW         4088    .data               tftlcd.o
    0x20008074   COMPRESSED   0x00000002   Data   RW         4281    .data               flash.o
    0x20008076   COMPRESSED   0x00000002   PAD
    0x20008078   COMPRESSED   0x00000014   Data   RW         4434    .data               fatfs_app.o
    0x2000808c   COMPRESSED   0x00000002   Data   RW         4576    .data               ff.o
    0x2000808e   COMPRESSED   0x00000002   Data   RW         4959    .data               diskio.o
    0x20008090   COMPRESSED   0x00000024   Data   RW         5035    .data               malloc.o
    0x200080b4   COMPRESSED   0x00000004   Data   RW         5125    .data               mc_w.l(strtok.o)
    0x200080b8   COMPRESSED   0x00000004   Data   RW         5415    .data               mc_w.l(stdout.o)
    0x200080bc        -       0x00000190   Zero   RW         3424    .bss                usart.o
    0x2000824c        -       0x0000000c   Zero   RW         3519    .bss                uart_cmd_process.o
    0x20008258        -       0x000002c0   Zero   RW         3862    .bss                sdio_sdcard.o
    0x20008518        -       0x00001000   Zero   RW         4280    .bss                flash.o
    0x20009518        -       0x00000178   Zero   RW         4431    .bss                fatfs_app.o
    0x20009690        -       0x00000010   Zero   RW         4574    .bss                ff.o
    0x200096a0        -       0x0000ff00   Zero   RW         5033    .bss                malloc.o
    0x200195a0        -       0x00000400   Zero   RW          307    STACK               startup_stm32f40_41xxx.o



  Load Region LR$$.ARM.__AT_0x10000000 (Base: 0x10000000, Size: 0x00000000, Max: 0x0000f000, ABSOLUTE)

    Execution Region ER$$.ARM.__AT_0x10000000 (Exec base: 0x10000000, Load base: 0x10000000, Size: 0x0000f000, Max: 0x0000f000, ABSOLUTE, UNINIT)

    Exec Addr    Load Addr    Size         Type   Attr      Idx    E Section Name        Object

    0x10000000        -       0x0000f000   Zero   RW         5029    .ARM.__AT_0x10000000  malloc.o



  Load Region LR$$.ARM.__AT_0x1000F000 (Base: 0x1000f000, Size: 0x00000000, Max: 0x00000f00, ABSOLUTE)

    Execution Region ER$$.ARM.__AT_0x1000F000 (Exec base: 0x1000f000, Load base: 0x1000f000, Size: 0x00000f00, Max: 0x00000f00, ABSOLUTE, UNINIT)

    Exec Addr    Load Addr    Size         Type   Attr      Idx    E Section Name        Object

    0x1000f000        -       0x00000f00   Zero   RW         5030    .ARM.__AT_0x1000F000  malloc.o



  Load Region LR$$.ARM.__AT_0x68000000 (Base: 0x68000000, Size: 0x00000000, Max: 0x000f0000, ABSOLUTE)

    Execution Region ER$$.ARM.__AT_0x68000000 (Exec base: 0x68000000, Load base: 0x68000000, Size: 0x000f0000, Max: 0x000f0000, ABSOLUTE, UNINIT)

    Exec Addr    Load Addr    Size         Type   Attr      Idx    E Section Name        Object

    0x68000000        -       0x000f0000   Zero   RW         5031    .ARM.__AT_0x68000000  malloc.o



  Load Region LR$$.ARM.__AT_0x680F0000 (Base: 0x680f0000, Size: 0x00000000, Max: 0x0000f000, ABSOLUTE)

    Execution Region ER$$.ARM.__AT_0x680F0000 (Exec base: 0x680f0000, Load base: 0x680f0000, Size: 0x0000f000, Max: 0x0000f000, ABSOLUTE, UNINIT)

    Exec Addr    Load Addr    Size         Type   Attr      Idx    E Section Name        Object

    0x680f0000        -       0x0000f000   Zero   RW         5032    .ARM.__AT_0x680F0000  malloc.o


==============================================================================

Image component sizes


      Code (inc. data)   RO Data    RW Data    ZI Data      Debug   Object Name

       600         68          0      32791          0       4571   adc.o
       288         26     175030          0          0       3123   cc936.o
       518         14          0          2          0       6840   diskio.o
       206         18          0         20        376       2805   fatfs_app.o
     13364        176         74          2         16      61735   ff.o
       820         92          0          2       4096       7985   flash.o
        88          6          0          0          0        611   led.o
       892        320          0          0          0     343767   main.o
       504         60         36         36    1175040       7287   malloc.o
       180         24          0          0          0       2657   misc.o
       414         58          0          0          0       3384   parse_cmd.o
       168         10          0          0          0        861   pwm.o
      7890        434          0         20        704      38577   sdio_sdcard.o
       292         20          0          0          0       2021   spi.o
        36          8        392          0       1024        908   startup_stm32f40_41xxx.o
       404         24          0          0          0       6608   stm32f4xx_adc.o
       892         86          0          0          0      11545   stm32f4xx_dma.o
       348         12          0          0          0       2445   stm32f4xx_fsmc.o
       218          0          0          0          0       2898   stm32f4xx_gpio.o
        26          0          0          0          0       4886   stm32f4xx_it.o
       392         48          0         16          0       6909   stm32f4xx_rcc.o
       208         38          0          0          0       6801   stm32f4xx_sdio.o
       112          0          0          0          0       4350   stm32f4xx_spi.o
       398         38          0          0          0       7584   stm32f4xx_tim.o
       456          8          0          0          0       7307   stm32f4xx_usart.o
       340         32          0         20          0       2197   system_stm32f4xx.o
       192         12          0          4          0       2238   systick.o
      2620        100      18712         12          0      15217   tftlcd.o
       168         18          0          1          0       1647   time.o
       612        138          0          0         12       5962   uart_cmd_process.o
       488         40          0          4        400       3668   usart.o
      1184        392          0         12          0       7794   wav.o

    ----------------------------------------------------------------------
     35358       2320     194276      32948    1181668     587188   Object Totals
         0          0         32          0          0          0   (incl. Generated)
        40          0          0          6          0          0   (incl. Padding)

    ----------------------------------------------------------------------

      Code (inc. data)   RO Data    RW Data    ZI Data      Debug   Library Member Name

        86          0          0          0          0          0   __dczerorl2.o
         0          0          0          0          0          0   entry.o
         0          0          0          0          0          0   entry10a.o
         0          0          0          0          0          0   entry11a.o
         8          4          0          0          0          0   entry2.o
         4          0          0          0          0          0   entry5.o
         0          0          0          0          0          0   entry7b.o
         0          0          0          0          0          0   entry8b.o
         8          4          0          0          0          0   entry9a.o
        30          0          0          0          0          0   handlers.o
        36          8          0          0          0         68   init.o
         0          0          0          0          0          0   iusefp.o
        98          0          0          0          0         84   ldiv.o
        30          0          0          0          0         68   llshl.o
        36          0          0          0          0         68   llsshr.o
        32          0          0          0          0         68   llushr.o
        36          0          0          0          0         68   memcpya.o
        36          0          0          0          0        108   memseta.o
      2258         90          0          0          0        452   printfa.o
         0          0          0          4          0          0   stdout.o
        28          0          0          0          0         76   strcmp.o
        14          0          0          0          0         68   strlen.o
        24          0          0          0          0         76   strncpy.o
        36          0          0          0          0         80   strstr.o
        68          6          0          4          0         80   strtok.o
        44          0          0          0          0         80   uidiv.o
        98          0          0          0          0         92   uldiv.o
        48          0          0          0          0         68   cdrcmple.o
       334          0          0          0          0        148   dadd.o
       222          0          0          0          0        100   ddiv.o
       186          0          0          0          0        176   depilogue.o
        48          0          0          0          0         68   dfixul.o
       228          0          0          0          0         96   dmul.o
        38          0          0          0          0         68   f2d.o

    ----------------------------------------------------------------------
      4122        112          0          8          0       2260   Library Totals
         8          0          0          0          0          0   (incl. Padding)

    ----------------------------------------------------------------------

      Code (inc. data)   RO Data    RW Data    ZI Data      Debug   Library Name

      3010        112          0          8          0       1536   mc_w.l
      1104          0          0          0          0        724   mf_w.l

    ----------------------------------------------------------------------
      4122        112          0          8          0       2260   Library Totals

    ----------------------------------------------------------------------

==============================================================================


      Code (inc. data)   RO Data    RW Data    ZI Data      Debug   

     39480       2432     194276      32956    1181668     565536   Grand Totals
     39480       2432     194276        324    1181668     565536   ELF Image Totals (compressed)
     39480       2432     194276        324          0          0   ROM Totals

==============================================================================

    Total RO  Size (Code + RO Data)               233756 ( 228.28kB)
    Total RW  Size (RW Data + ZI Data)           1214624 (1186.16kB)
    Total ROM Size (Code + RO Data + RW Data)     234080 ( 228.59kB)

==============================================================================

